<html>
<body>
<pre>
<h1>µVision Build Log</h1>
<h2>Project:</h2>
N:\SE350_RTX\context_switching.uvproj
Project File Date:  02/03/2016

<h2>Output:</h2>
Build target 'Context Switching SIM'
compiling uart_polling.c...
compiling printf.c...
compiling main_svc.c...
compiling uart_irq.c...
compiling k_rtx_init.c...
compiling k_memory.c...
src\linkedList.h(1): warning:  #14-D: extra text after expected end of preprocessing directive
src\linkedList.h(14): warning:  #1-D: last line of file ends without a newline
src\k_memory.c(58): error:  #70: incomplete type is not allowed
compiling k_process.c...
compiling usr_proc.c...
Target not created
Build target 'Context Switching SIM'
compiling k_memory.c...
src\linkedList.h(1): warning:  #14-D: extra text after expected end of preprocessing directive
src\linkedList.h(14): warning:  #1-D: last line of file ends without a newline
linking...
context_switching.axf: Error: L6218E: Undefined symbol initLinkedList (referred from k_memory.o).
context_switching.axf: Error: L6218E: Undefined symbol popLinkedList (referred from k_memory.o).
context_switching.axf: Error: L6218E: Undefined symbol pushLinkedList (referred from k_memory.o).
Target not created
Clean started: Project: 'context_switching'
   deleting intermediate output files for target 'Context Switching SIM'
Build target 'Context Switching SIM'
assembling startup_LPC17xx.s...
compiling system_LPC17xx.c...
compiling uart_polling.c...
compiling printf.c...
compiling main_svc.c...
compiling uart_irq.c...
compiling HAL.c...
compiling k_rtx_init.c...
compiling k_memory.c...
src\linkedList.h(1): warning:  #14-D: extra text after expected end of preprocessing directive
src\linkedList.h(14): warning:  #1-D: last line of file ends without a newline
compiling k_process.c...
compiling usr_proc.c...
linking...
context_switching.axf: Error: L6218E: Undefined symbol initLinkedList (referred from k_memory.o).
context_switching.axf: Error: L6218E: Undefined symbol popLinkedList (referred from k_memory.o).
context_switching.axf: Error: L6218E: Undefined symbol pushLinkedList (referred from k_memory.o).
Target not created
Clean started: Project: 'context_switching'
   deleting intermediate output files for target 'Context Switching SIM'
Build target 'Context Switching SIM'
assembling startup_LPC17xx.s...
compiling system_LPC17xx.c...
compiling uart_polling.c...
compiling printf.c...
compiling main_svc.c...
compiling uart_irq.c...
compiling HAL.c...
compiling k_rtx_init.c...
compiling k_memory.c...
src\linkedList.h(1): warning:  #14-D: extra text after expected end of preprocessing directive
src\linkedList.h(14): warning:  #1-D: last line of file ends without a newline
compiling k_process.c...
compiling usr_proc.c...
compiling linkedList.c...
src\linkedList.c(1): warning:  #14-D: extra text after expected end of preprocessing directive
src\linkedList.h(1): warning:  #14-D: extra text after expected end of preprocessing directive
src\linkedList.h(14): warning:  #1-D: last line of file ends without a newline
src\linkedList.c(2): warning:  #14-D: extra text after expected end of preprocessing directive
src\linkedList.c(10): warning:  #1166-D: returning pointer to local variable
linking...
Program Size: Code=3800 RO-data=412 RW-data=64 ZI-data=672  
"context_switching.axf" - 0 Error(s), 7 Warning(s).
Build target 'Context Switching SIM'
compiling priority_queue.c...
src\priority_queue.c(14): error:  #136: struct "pcb" has no field "m_priority"
src\priority_queue.c(14): error:  #136: struct "pcb" has no field "m_priority"
src\priority_queue.c(36): error:  #136: struct "pcb" has no field "m_priority"
src\priority_queue.c(36): error:  #136: struct "pcb" has no field "m_priority"
src\priority_queue.c(39): error:  #136: struct "pcb" has no field "m_priority"
src\priority_queue.c(39): error:  #136: struct "pcb" has no field "m_priority"
Target not created
Build target 'Context Switching SIM'
compiling k_rtx_init.c...
compiling k_memory.c...
src\linkedList.h(1): warning:  #14-D: extra text after expected end of preprocessing directive
src\linkedList.h(14): warning:  #1-D: last line of file ends without a newline
compiling k_process.c...
compiling linkedList.c...
src\linkedList.c(1): warning:  #14-D: extra text after expected end of preprocessing directive
src\linkedList.h(1): warning:  #14-D: extra text after expected end of preprocessing directive
src\linkedList.h(14): warning:  #1-D: last line of file ends without a newline
src\linkedList.c(2): warning:  #14-D: extra text after expected end of preprocessing directive
src\linkedList.c(10): warning:  #1166-D: returning pointer to local variable
compiling priority_queue.c...
linking...
Program Size: Code=3796 RO-data=412 RW-data=64 ZI-data=672  
"context_switching.axf" - 0 Error(s), 7 Warning(s).
Build target 'Context Switching SIM'
compiling k_process.c...
src\k_process.c(36): error:  #20: identifier "PQUEUE" is undefined
src\k_process.c(46): warning:  #223-D: function "pq_init" declared implicitly
Target not created
Build target 'Context Switching SIM'
compiling k_process.c...
linking...
Program Size: Code=4820 RO-data=412 RW-data=68 ZI-data=676  
"context_switching.axf" - 0 Error(s), 0 Warning(s).
Build target 'Context Switching SIM'
compiling k_process.c...
linking...
Program Size: Code=3812 RO-data=412 RW-data=68 ZI-data=676  
"context_switching.axf" - 0 Error(s), 0 Warning(s).
Build target 'Context Switching SIM'
compiling priority_queue.c...
src\priority_queue.c(9): error:  #254: type name is not allowed
Target not created
Build target 'Context Switching SIM'
compiling priority_queue.c...
linking...
Program Size: Code=3812 RO-data=412 RW-data=68 ZI-data=676  
"context_switching.axf" - 0 Error(s), 0 Warning(s).
Build target 'Context Switching SIM'
compiling k_process.c...
linking...
Program Size: Code=4632 RO-data=412 RW-data=68 ZI-data=676  
"context_switching.axf" - 0 Error(s), 0 Warning(s).
Build target 'Context Switching SIM'
compiling priority_queue.c...
linking...
Program Size: Code=4048 RO-data=412 RW-data=68 ZI-data=676  
"context_switching.axf" - 0 Error(s), 0 Warning(s).
Build target 'Context Switching SIM'
compiling k_process.c...
linking...
Program Size: Code=4048 RO-data=412 RW-data=68 ZI-data=676  
"context_switching.axf" - 0 Error(s), 0 Warning(s).
Build target 'Context Switching SIM'
compiling k_process.c...
linking...
Program Size: Code=3816 RO-data=412 RW-data=68 ZI-data=676  
"context_switching.axf" - 0 Error(s), 0 Warning(s).
Build target 'Context Switching SIM'
compiling k_memory.c...
src\linkedList.h(1): warning:  #14-D: extra text after expected end of preprocessing directive
src\linkedList.h(14): warning:  #1-D: last line of file ends without a newline
compiling k_process.c...
linking...
Program Size: Code=3816 RO-data=412 RW-data=64 ZI-data=672  
"context_switching.axf" - 0 Error(s), 2 Warning(s).
Build target 'Context Switching SIM'
compiling k_memory.c...
src\linkedList.h(1): warning:  #14-D: extra text after expected end of preprocessing directive
src\linkedList.h(14): warning:  #1-D: last line of file ends without a newline
linking...
Program Size: Code=3816 RO-data=412 RW-data=64 ZI-data=672  
"context_switching.axf" - 0 Error(s), 2 Warning(s).
Clean started: Project: 'context_switching'
   deleting intermediate output files for target 'Context Switching SIM'
Build target 'Context Switching SIM'
assembling startup_LPC17xx.s...
compiling system_LPC17xx.c...
compiling uart_polling.c...
compiling printf.c...
compiling main_svc.c...
compiling uart_irq.c...
compiling HAL.c...
compiling k_rtx_init.c...
compiling k_memory.c...
src\linkedList.h(1): warning:  #14-D: extra text after expected end of preprocessing directive
src\linkedList.h(14): warning:  #1-D: last line of file ends without a newline
src\k_memory.c(58): error:  #70: incomplete type is not allowed
compiling k_process.c...
compiling usr_proc.c...
compiling linkedList.c...
src\linkedList.c(1): warning:  #14-D: extra text after expected end of preprocessing directive
src\linkedList.h(1): warning:  #14-D: extra text after expected end of preprocessing directive
src\linkedList.h(14): warning:  #1-D: last line of file ends without a newline
src\linkedList.c(2): warning:  #14-D: extra text after expected end of preprocessing directive
src\linkedList.c(10): warning:  #1166-D: returning pointer to local variable
compiling priority_queue.c...
src\priority_queue.c(15): error:  #136: struct "pcb" has no field "m_priority"
src\priority_queue.c(15): error:  #136: struct "pcb" has no field "m_priority"
src\priority_queue.c(37): error:  #136: struct "pcb" has no field "m_priority"
src\priority_queue.c(37): error:  #136: struct "pcb" has no field "m_priority"
src\priority_queue.c(40): error:  #136: struct "pcb" has no field "m_priority"
src\priority_queue.c(40): error:  #136: struct "pcb" has no field "m_priority"
Target not created
Build target 'Context Switching SIM'
compiling k_memory.c...
src\linkedList.h(1): warning:  #14-D: extra text after expected end of preprocessing directive
src\linkedList.h(14): warning:  #1-D: last line of file ends without a newline
src\k_memory.c(58): error:  #70: incomplete type is not allowed
Target not created
Build target 'Context Switching SIM'
compiling k_memory.c...
src\linkedList.h(1): warning:  #14-D: extra text after expected end of preprocessing directive
src\linkedList.h(14): warning:  #1-D: last line of file ends without a newline
src\k_memory.c(58): error:  #70: incomplete type is not allowed
Target not created
Build target 'Context Switching SIM'
compiling k_memory.c...
src\linkedList.h(1): warning:  #14-D: extra text after expected end of preprocessing directive
src\linkedList.h(14): warning:  #1-D: last line of file ends without a newline
src\k_memory.c(58): error:  #20: identifier "\u00e9\u00e9" is undefined
src\k_memory.c(58): error:  #65: expected a ";"
Target not created
Build target 'Context Switching SIM'
compiling k_memory.c...
src\linkedList.h(1): warning:  #14-D: extra text after expected end of preprocessing directive
src\linkedList.h(14): warning:  #1-D: last line of file ends without a newline
linking...
Program Size: Code=3800 RO-data=412 RW-data=64 ZI-data=672  
"context_switching.axf" - 0 Error(s), 2 Warning(s).
Clean started: Project: 'context_switching'
   deleting intermediate output files for target 'Context Switching SIM'
Build target 'Context Switching SIM'
assembling startup_LPC17xx.s...
compiling system_LPC17xx.c...
compiling uart_polling.c...
compiling printf.c...
compiling main_svc.c...
compiling uart_irq.c...
compiling HAL.c...
compiling k_rtx_init.c...
compiling k_memory.c...
src\linkedList.h(1): warning:  #14-D: extra text after expected end of preprocessing directive
src\linkedList.h(14): warning:  #1-D: last line of file ends without a newline
compiling k_process.c...
compiling usr_proc.c...
compiling linkedList.c...
src\linkedList.c(1): warning:  #14-D: extra text after expected end of preprocessing directive
src\linkedList.h(1): warning:  #14-D: extra text after expected end of preprocessing directive
src\linkedList.h(14): warning:  #1-D: last line of file ends without a newline
src\linkedList.c(2): warning:  #14-D: extra text after expected end of preprocessing directive
src\linkedList.c(10): warning:  #1166-D: returning pointer to local variable
compiling priority_queue.c...
linking...
Program Size: Code=3816 RO-data=412 RW-data=64 ZI-data=672  
"context_switching.axf" - 0 Error(s), 7 Warning(s).
Build target 'Context Switching SIM'
linking...
Program Size: Code=3816 RO-data=412 RW-data=64 ZI-data=672  
"context_switching.axf" - 0 Error(s), 0 Warning(s).
Build target 'Context Switching SIM'
linking...
Program Size: Code=3816 RO-data=412 RW-data=64 ZI-data=672  
"context_switching.axf" - 0 Error(s), 0 Warning(s).
Build target 'Context Switching SIM'
compiling k_process.c...
linking...
Program Size: Code=3832 RO-data=412 RW-data=64 ZI-data=672  
"context_switching.axf" - 0 Error(s), 0 Warning(s).
Build target 'Context Switching SIM'
compiling k_memory.c...
src\linkedList.h(1): warning:  #14-D: extra text after expected end of preprocessing directive
src\linkedList.h(14): warning:  #1-D: last line of file ends without a newline
linking...
Program Size: Code=3856 RO-data=412 RW-data=64 ZI-data=672  
"context_switching.axf" - 0 Error(s), 2 Warning(s).
Build target 'Context Switching SIM'
linking...
Program Size: Code=3856 RO-data=412 RW-data=64 ZI-data=672  
"context_switching.axf" - 0 Error(s), 0 Warning(s).
Build target 'Context Switching SIM'
linking...
Program Size: Code=3856 RO-data=412 RW-data=64 ZI-data=672  
"context_switching.axf" - 0 Error(s), 0 Warning(s).
Rebuild target 'Context Switching SIM'
assembling startup_LPC17xx.s...
compiling system_LPC17xx.c...
compiling uart_polling.c...
compiling printf.c...
compiling main_svc.c...
compiling uart_irq.c...
compiling HAL.c...
compiling k_rtx_init.c...
compiling k_memory.c...
src\linkedList.h(1): warning:  #14-D: extra text after expected end of preprocessing directive
src\linkedList.h(14): warning:  #1-D: last line of file ends without a newline
src\k_memory.c(72): error:  #20: identifier "p_queue" is undefined
compiling k_process.c...
compiling usr_proc.c...
compiling linkedList.c...
src\linkedList.c(1): warning:  #14-D: extra text after expected end of preprocessing directive
src\linkedList.h(1): warning:  #14-D: extra text after expected end of preprocessing directive
src\linkedList.h(14): warning:  #1-D: last line of file ends without a newline
src\linkedList.c(2): warning:  #14-D: extra text after expected end of preprocessing directive
src\linkedList.c(10): warning:  #1166-D: returning pointer to local variable
compiling priority_queue.c...
Target not created
Build target 'Context Switching SIM'
compiling k_rtx_init.c...
compiling k_memory.c...
src\linkedList.h(1): warning:  #14-D: extra text after expected end of preprocessing directive
src\linkedList.h(14): warning:  #1-D: last line of file ends without a newline
linking...
Program Size: Code=3892 RO-data=412 RW-data=68 ZI-data=676  
"context_switching.axf" - 0 Error(s), 2 Warning(s).
