ARM Linker, 5.02 [Build 28] [MDK-ARM Lite]

==============================================================================

Section Cross References

    startup_lpc17xx.o(STACK) refers (Special) to heapauxi.o(.text) for __use_two_region_memory
    startup_lpc17xx.o(HEAP) refers (Special) to heapauxi.o(.text) for __use_two_region_memory
    startup_lpc17xx.o(RESET) refers (Special) to heapauxi.o(.text) for __use_two_region_memory
    startup_lpc17xx.o(RESET) refers to startup_lpc17xx.o(STACK) for __initial_sp
    startup_lpc17xx.o(RESET) refers to startup_lpc17xx.o(.text) for Reset_Handler
    startup_lpc17xx.o(RESET) refers to hal.o(.emb_text) for SVC_Handler
    startup_lpc17xx.o(RESET) refers to timer.o(.emb_text) for TIMER0_IRQHandler
    startup_lpc17xx.o(RESET) refers to uart_irq.o(.emb_text) for UART0_IRQHandler
    startup_lpc17xx.o(.ARM.__at_0x02FC) refers (Special) to heapauxi.o(.text) for __use_two_region_memory
    startup_lpc17xx.o(.text) refers (Special) to heapauxi.o(.text) for __use_two_region_memory
    startup_lpc17xx.o(.text) refers to __main.o(!!!main) for __main
    startup_lpc17xx.o(.text) refers to startup_lpc17xx.o(HEAP) for Heap_Mem
    startup_lpc17xx.o(.text) refers to startup_lpc17xx.o(STACK) for Stack_Mem
    system_lpc17xx.o(.text) refers to system_lpc17xx.o(.data) for SystemFrequency
    printf.o(.text) refers to printf.o(.data) for stdout_putf
    main_svc.o(.text) refers to system_lpc17xx.o(.text) for SystemInit
    main_svc.o(.text) refers to k_rtx_init.o(.text) for k_rtx_init
    uart_irq.o(.emb_text) refers to uart_irq.o(.text) for c_UART0_IRQHandler
    uart_irq.o(.text) refers to uart_polling.o(.text) for uart_put_char
    uart_irq.o(.text) refers to k_process.o(.text) for UART_i_Proc
    uart_irq.o(.text) refers to uart_irq.o(.data) for g_char_in
    timer.o(.emb_text) refers to timer.o(.text) for c_TIMER0_IRQHandler
    timer.o(.text) refers to k_process.o(.text) for Timer_i_Proc
    timer.o(.text) refers to timer.o(.data) for g_timer_count
    k_rtx_init.o(.text) refers to uart_irq.o(.text) for uart_irq_init
    k_rtx_init.o(.text) refers to timer.o(.text) for timer_init
    k_rtx_init.o(.text) refers to uart_polling.o(.text) for uart_init
    k_rtx_init.o(.text) refers to k_memory.o(.text) for memory_init
    k_rtx_init.o(.text) refers to k_process.o(.text) for process_init
    k_rtx_init.o(.text) refers to k_rtx_init.o(.constdata) for .constdata
    k_memory.o(.text) refers to linkedlist.o(.text) for pushLinkedList
    k_memory.o(.text) refers to priority_queue.o(.text) for pq_push
    k_memory.o(.text) refers to k_process.o(.text) for k_release_processor
    k_memory.o(.text) refers to k_process.o(.data) for gp_pcbs
    k_memory.o(.text) refers to k_memory.o(.data) for blocked_memory_q
    k_process.o(.text) refers to priority_queue.o(.text) for pq_push
    k_process.o(.text) refers to hal.o(.emb_text) for __rte
    k_process.o(.text) refers to k_memory.o(.text) for k_nonblocking_request_memory_block
    k_process.o(.text) refers to k_message.o(.text) for m_send_message
    k_process.o(.text) refers to uart_irq.o(.text) for uart_display_string
    k_process.o(.text) refers to usr_proc_c.o(.text) for set_test_procs
    k_process.o(.text) refers to stress_test_proc.o(.text) for set_stress_test_procs
    k_process.o(.text) refers to real_user_proc.o(.text) for set_user_procs
    k_process.o(.text) refers to system_proc.o(.text) for set_system_procs
    k_process.o(.text) refers to k_process.o(.data) for gp_pcbs
    k_process.o(.text) refers to uart_irq.o(.data) for g_char_in
    k_process.o(.text) refers to timer.o(.data) for g_timer_count
    k_process.o(.text) refers to k_process.o(.bss) for g_proc_table
    k_process.o(.text) refers to usr_proc_c.o(.bss) for g_test_procs
    k_process.o(.text) refers to real_user_proc.o(.bss) for g_user_procs
    k_process.o(.text) refers to stress_test_proc.o(.bss) for g_stress_test_procs
    k_process.o(.text) refers to system_proc.o(.bss) for g_system_procs
    k_message.o(.text) refers to k_process.o(.text) for get_process
    k_message.o(.text) refers to priority_queue.o(.text) for pq_push
    k_message.o(.text) refers to k_process.o(.data) for blocked_receive_head
    priority_queue.o(.text) refers to printf.o(.text) for tfp_printf
    real_user_proc.o(.text) refers to strcpy.o(.text) for strcpy
    real_user_proc.o(.text) refers to strtok.o(.text) for strtok
    real_user_proc.o(.text) refers to atoi.o(.text) for atoi
    real_user_proc.o(.text) refers to k_memory.o(.text) for k_request_memory_block
    real_user_proc.o(.text) refers to k_message.o(.text) for k_send_message
    real_user_proc.o(.text) refers to k_process.o(.text) for k_set_process_priority
    real_user_proc.o(.text) refers to real_user_proc.o(.bss) for g_user_procs
    system_proc.o(.text) refers to strlen.o(.text) for strlen
    system_proc.o(.text) refers to k_memory.o(.text) for k_request_memory_block
    system_proc.o(.text) refers to k_message.o(.text) for k_receive_message
    system_proc.o(.text) refers to system_proc.o(.bss) for g_system_procs
    usr_proc_c.o(.text) refers to uart_polling.o(.text) for uart_put_string
    usr_proc_c.o(.text) refers to k_process.o(.text) for k_release_processor
    usr_proc_c.o(.text) refers to k_message.o(.text) for k_receive_message
    usr_proc_c.o(.text) refers to k_memory.o(.text) for k_request_memory_block
    usr_proc_c.o(.text) refers to usr_proc_c.o(.bss) for g_test_procs
    stress_test_proc.o(.text) refers to strcpy.o(.text) for strcpy
    stress_test_proc.o(.text) refers to k_message.o(.text) for k_receive_message
    stress_test_proc.o(.text) refers to k_memory.o(.text) for k_request_memory_block
    stress_test_proc.o(.text) refers to k_process.o(.text) for k_release_processor
    stress_test_proc.o(.text) refers to stress_test_proc.o(.bss) for g_stress_test_procs
    atoi.o(.text) refers to rt_errno_addr_intlibspace.o(.text) for __aeabi_errno_addr
    atoi.o(.text) refers to strtol.o(.text) for strtol
    strtok.o(.text) refers to strtok_int.o(.text) for __strtok_internal
    strtok.o(.text) refers to strtok.o(.data) for .data
    __main.o(!!!main) refers to rtentry.o(.ARM.Collect$$rtentry$$00000000) for __rt_entry
    rtentry.o(.ARM.Collect$$rtentry$$00000000) refers (Special) to rtentry2.o(.ARM.Collect$$rtentry$$0000000A) for __rt_entry_li
    rtentry.o(.ARM.Collect$$rtentry$$00000000) refers (Special) to rtentry2.o(.ARM.Collect$$rtentry$$0000000D) for __rt_entry_main
    rtentry.o(.ARM.Collect$$rtentry$$00000000) refers (Special) to rtentry2.o(.ARM.Collect$$rtentry$$0000000C) for __rt_entry_postli_1
    rtentry.o(.ARM.Collect$$rtentry$$00000000) refers (Special) to rtentry2.o(.ARM.Collect$$rtentry$$00000009) for __rt_entry_postsh_1
    rtentry.o(.ARM.Collect$$rtentry$$00000000) refers (Special) to rtentry2.o(.ARM.Collect$$rtentry$$00000002) for __rt_entry_presh_1
    rtentry.o(.ARM.Collect$$rtentry$$00000000) refers (Special) to rtentry4.o(.ARM.Collect$$rtentry$$00000004) for __rt_entry_sh
    rt_errno_addr.o(.text) refers to rt_errno_addr.o(.bss) for __aeabi_errno_addr_data
    rt_errno_addr_intlibspace.o(.text) refers to libspace.o(.bss) for __libspace_start
    strtol.o(.text) refers to rt_ctype_table.o(.text) for __rt_ctype_table
    strtol.o(.text) refers to _strtoul.o(.text) for _strtoul
    strtol.o(.text) refers to rt_errno_addr_intlibspace.o(.text) for __aeabi_errno_addr
    strtok_int.o(.text) refers to strspn.o(.text) for strspn
    strtok_int.o(.text) refers to strcspn.o(.text) for strcspn
    libspace.o(.text) refers to libspace.o(.bss) for __libspace_start
    rtentry2.o(.ARM.Collect$$rtentry$$00000008) refers to boardinit2.o(.text) for _platform_post_stackheap_init
    rtentry2.o(.ARM.Collect$$rtentry$$0000000A) refers to libinit.o(.ARM.Collect$$libinit$$00000000) for __rt_lib_init
    rtentry2.o(.ARM.Collect$$rtentry$$0000000B) refers to boardinit3.o(.text) for _platform_post_lib_init
    rtentry2.o(.ARM.Collect$$rtentry$$0000000D) refers to main_svc.o(.text) for main
    rtentry2.o(.ARM.Collect$$rtentry$$0000000D) refers to exit.o(.text) for exit
    rtentry2.o(.ARM.exidx) refers to rtentry2.o(.ARM.Collect$$rtentry$$00000001) for .ARM.Collect$$rtentry$$00000001
    rtentry2.o(.ARM.exidx) refers to rtentry2.o(.ARM.Collect$$rtentry$$00000008) for .ARM.Collect$$rtentry$$00000008
    rtentry2.o(.ARM.exidx) refers to rtentry2.o(.ARM.Collect$$rtentry$$0000000A) for .ARM.Collect$$rtentry$$0000000A
    rtentry2.o(.ARM.exidx) refers to rtentry2.o(.ARM.Collect$$rtentry$$0000000B) for .ARM.Collect$$rtentry$$0000000B
    rtentry2.o(.ARM.exidx) refers to rtentry2.o(.ARM.Collect$$rtentry$$0000000D) for .ARM.Collect$$rtentry$$0000000D
    rtentry4.o(.ARM.Collect$$rtentry$$00000004) refers to sys_stackheap_outer.o(.text) for __user_setup_stackheap
    rtentry4.o(.ARM.exidx) refers to rtentry4.o(.ARM.Collect$$rtentry$$00000004) for .ARM.Collect$$rtentry$$00000004
    rt_ctype_table.o(.text) refers to rt_locale_intlibspace.o(.text) for __rt_locale
    rt_ctype_table.o(.text) refers to lc_ctype_c.o(locale$$code) for _get_lc_ctype
    _strtoul.o(.text) refers to _chval.o(.text) for _chval
    _strtoul.o(.text) refers to rt_errno_addr_intlibspace.o(.text) for __aeabi_errno_addr
    sys_stackheap_outer.o(.text) refers to libspace.o(.text) for __user_perproc_libspace
    sys_stackheap_outer.o(.text) refers to startup_lpc17xx.o(.text) for __user_initial_stackheap
    rt_locale.o(.text) refers to rt_locale.o(.bss) for __rt_locale_data
    rt_locale_intlibspace.o(.text) refers to libspace.o(.bss) for __libspace_start
    sjis_ctype.o(locale$$data) refers (Special) to libinit2.o(.ARM.Collect$$libinit$$00000010) for __rt_lib_init_lc_ctype_2
    sjis_ctype.o(locale$$data) refers (Special) to towlower.o(.text) for __use_full_towlower
    sjis_ctype.o(locale$$data) refers (Special) to towupper.o(.text) for __use_full_towupper
    sjis_ctype.o(locale$$data) refers (Special) to wclass.o(.text) for __use_full_wctype
    sjis_ctype.o(locale$$data) refers (Special) to mbdata.o(.text) for __use_mbdata
    sjis_ctype.o(locale$$data) refers to jis2ucs.o(.text) for __sjis_mbrtowc
    sjis_ctype.o(locale$$data) refers to ucs2jis.o(.text) for __sjis_wcrtomb
    sjis_ctype.o(locale$$code) refers (Special) to libinit2.o(.ARM.Collect$$libinit$$00000010) for __rt_lib_init_lc_ctype_2
    sjis_ctype.o(locale$$code) refers (Special) to towlower.o(.text) for __use_full_towlower
    sjis_ctype.o(locale$$code) refers (Special) to towupper.o(.text) for __use_full_towupper
    sjis_ctype.o(locale$$code) refers (Special) to wclass.o(.text) for __use_full_wctype
    sjis_ctype.o(locale$$code) refers (Special) to mbdata.o(.text) for __use_mbdata
    sjis_ctype.o(locale$$code) refers to strcmpv7m.o(.text) for strcmp
    sjis_ctype.o(locale$$code) refers to sjis_ctype.o(locale$$data) for __lcctype_sjis_name
    utf8_ctype.o(locale$$data) refers (Special) to libinit2.o(.ARM.Collect$$libinit$$00000010) for __rt_lib_init_lc_ctype_2
    utf8_ctype.o(locale$$data) refers (Special) to towlower.o(.text) for __use_full_towlower
    utf8_ctype.o(locale$$data) refers (Special) to towupper.o(.text) for __use_full_towupper
    utf8_ctype.o(locale$$data) refers (Special) to wclass.o(.text) for __use_full_wctype
    utf8_ctype.o(locale$$data) refers (Special) to mbdata.o(.text) for __use_mbdata
    utf8_ctype.o(locale$$data) refers to utf8_mbrtowc.o(.text) for __utf8_mbrtowc
    utf8_ctype.o(locale$$data) refers to utf8_wcrtomb.o(.text) for __utf8_wcrtomb
    utf8_ctype.o(locale$$code) refers (Special) to libinit2.o(.ARM.Collect$$libinit$$00000010) for __rt_lib_init_lc_ctype_2
    utf8_ctype.o(locale$$code) refers (Special) to towlower.o(.text) for __use_full_towlower
    utf8_ctype.o(locale$$code) refers (Special) to towupper.o(.text) for __use_full_towupper
    utf8_ctype.o(locale$$code) refers (Special) to wclass.o(.text) for __use_full_wctype
    utf8_ctype.o(locale$$code) refers (Special) to mbdata.o(.text) for __use_mbdata
    utf8_ctype.o(locale$$code) refers to strcmpv7m.o(.text) for strcmp
    utf8_ctype.o(locale$$code) refers to utf8_ctype.o(locale$$data) for __lcctype_utf8_name
    all_ctype.o(locale$$data) refers (Special) to libinit2.o(.ARM.Collect$$libinit$$00000010) for __rt_lib_init_lc_ctype_2
    all_ctype.o(locale$$data) refers (Special) to towlower.o(.text) for __use_full_towlower
    all_ctype.o(locale$$data) refers (Special) to towupper.o(.text) for __use_full_towupper
    all_ctype.o(locale$$data) refers (Special) to wclass.o(.text) for __use_full_wctype
    all_ctype.o(locale$$data) refers (Special) to mbdata.o(.text) for __use_mbdata
    all_ctype.o(locale$$data) refers to jis2ucs.o(.text) for __sjis_mbrtowc
    all_ctype.o(locale$$data) refers to ucs2jis.o(.text) for __sjis_wcrtomb
    all_ctype.o(locale$$data) refers to utf8_mbrtowc.o(.text) for __utf8_mbrtowc
    all_ctype.o(locale$$data) refers to utf8_wcrtomb.o(.text) for __utf8_wcrtomb
    all_ctype.o(locale$$code) refers (Special) to libinit2.o(.ARM.Collect$$libinit$$00000010) for __rt_lib_init_lc_ctype_2
    all_ctype.o(locale$$code) refers (Special) to towlower.o(.text) for __use_full_towlower
    all_ctype.o(locale$$code) refers (Special) to towupper.o(.text) for __use_full_towupper
    all_ctype.o(locale$$code) refers (Special) to wclass.o(.text) for __use_full_wctype
    all_ctype.o(locale$$code) refers (Special) to mbdata.o(.text) for __use_mbdata
    all_ctype.o(locale$$code) refers to findlocale.o(.text) for _findlocale
    all_ctype.o(locale$$code) refers to all_ctype.o(locale$$data) for locale_data_start
    lc_ctype_c.o(locale$$data) refers (Special) to libinit2.o(.ARM.Collect$$libinit$$00000010) for __rt_lib_init_lc_ctype_2
    lc_ctype_c.o(locale$$code) refers (Special) to libinit2.o(.ARM.Collect$$libinit$$00000010) for __rt_lib_init_lc_ctype_2
    lc_ctype_c.o(locale$$code) refers to strcmpv7m.o(.text) for strcmp
    lc_ctype_c.o(locale$$code) refers to lc_ctype_c.o(locale$$data) for __lcctype_c_name
    lc_ctype_8859.o(locale$$data) refers (Special) to libinit2.o(.ARM.Collect$$libinit$$00000010) for __rt_lib_init_lc_ctype_2
    lc_ctype_8859.o(locale$$code) refers (Special) to libinit2.o(.ARM.Collect$$libinit$$00000010) for __rt_lib_init_lc_ctype_2
    lc_ctype_8859.o(locale$$code) refers to strcmpv7m.o(.text) for strcmp
    lc_ctype_8859.o(locale$$code) refers to lc_ctype_8859.o(locale$$data) for __lcctype_iso8859_1_name
    exit.o(.text) refers to rtexit.o(.ARM.Collect$$rtexit$$00000000) for __rt_exit
    libinit.o(.ARM.Collect$$libinit$$00000000) refers (Special) to libinit2.o(.ARM.Collect$$libinit$$0000002C) for __rt_lib_init_alloca_1
    libinit.o(.ARM.Collect$$libinit$$00000000) refers (Special) to libinit2.o(.ARM.Collect$$libinit$$0000002A) for __rt_lib_init_argv_1
    libinit.o(.ARM.Collect$$libinit$$00000000) refers (Special) to libinit2.o(.ARM.Collect$$libinit$$00000019) for __rt_lib_init_atexit_1
    libinit.o(.ARM.Collect$$libinit$$00000000) refers (Special) to libinit2.o(.ARM.Collect$$libinit$$0000001F) for __rt_lib_init_clock_1
    libinit.o(.ARM.Collect$$libinit$$00000000) refers (Special) to libinit2.o(.ARM.Collect$$libinit$$00000030) for __rt_lib_init_cpp_1
    libinit.o(.ARM.Collect$$libinit$$00000000) refers (Special) to libinit2.o(.ARM.Collect$$libinit$$0000002E) for __rt_lib_init_exceptions_1
    libinit.o(.ARM.Collect$$libinit$$00000000) refers (Special) to libinit2.o(.ARM.Collect$$libinit$$00000002) for __rt_lib_init_fp_1
    libinit.o(.ARM.Collect$$libinit$$00000000) refers (Special) to libinit2.o(.ARM.Collect$$libinit$$0000001D) for __rt_lib_init_fp_trap_1
    libinit.o(.ARM.Collect$$libinit$$00000000) refers (Special) to libinit2.o(.ARM.Collect$$libinit$$00000021) for __rt_lib_init_getenv_1
    libinit.o(.ARM.Collect$$libinit$$00000000) refers (Special) to libinit2.o(.ARM.Collect$$libinit$$00000008) for __rt_lib_init_heap_1
    libinit.o(.ARM.Collect$$libinit$$00000000) refers (Special) to libinit2.o(.ARM.Collect$$libinit$$0000000F) for __rt_lib_init_lc_collate_1
    libinit.o(.ARM.Collect$$libinit$$00000000) refers (Special) to libinit2.o(.ARM.Collect$$libinit$$00000011) for __rt_lib_init_lc_ctype_1
    libinit.o(.ARM.Collect$$libinit$$00000000) refers (Special) to libinit2.o(.ARM.Collect$$libinit$$00000013) for __rt_lib_init_lc_monetary_1
    libinit.o(.ARM.Collect$$libinit$$00000000) refers (Special) to libinit2.o(.ARM.Collect$$libinit$$00000015) for __rt_lib_init_lc_numeric_1
    libinit.o(.ARM.Collect$$libinit$$00000000) refers (Special) to libinit2.o(.ARM.Collect$$libinit$$00000017) for __rt_lib_init_lc_time_1
    libinit.o(.ARM.Collect$$libinit$$00000000) refers (Special) to libinit2.o(.ARM.Collect$$libinit$$0000000C) for __rt_lib_init_rand_1
    libinit.o(.ARM.Collect$$libinit$$00000000) refers (Special) to libinit2.o(.ARM.Collect$$libinit$$00000031) for __rt_lib_init_return
    libinit.o(.ARM.Collect$$libinit$$00000000) refers (Special) to libinit2.o(.ARM.Collect$$libinit$$0000001B) for __rt_lib_init_signal_1
    libinit.o(.ARM.Collect$$libinit$$00000000) refers (Special) to libinit2.o(.ARM.Collect$$libinit$$00000023) for __rt_lib_init_stdio_1
    libinit.o(.ARM.Collect$$libinit$$00000000) refers (Special) to libinit2.o(.ARM.Collect$$libinit$$0000000A) for __rt_lib_init_user_alloc_1
    rtexit.o(.ARM.Collect$$rtexit$$00000000) refers (Special) to rtexit2.o(.ARM.Collect$$rtexit$$00000004) for __rt_exit_exit
    rtexit.o(.ARM.Collect$$rtexit$$00000000) refers (Special) to rtexit2.o(.ARM.Collect$$rtexit$$00000003) for __rt_exit_ls
    rtexit.o(.ARM.Collect$$rtexit$$00000000) refers (Special) to rtexit2.o(.ARM.Collect$$rtexit$$00000002) for __rt_exit_prels_1
    rtexit.o(.ARM.exidx) refers (Special) to rtexit2.o(.ARM.Collect$$rtexit$$00000004) for __rt_exit_exit
    rtexit.o(.ARM.exidx) refers (Special) to rtexit2.o(.ARM.Collect$$rtexit$$00000003) for __rt_exit_ls
    rtexit.o(.ARM.exidx) refers (Special) to rtexit2.o(.ARM.Collect$$rtexit$$00000002) for __rt_exit_prels_1
    rtexit.o(.ARM.exidx) refers to rtexit.o(.ARM.Collect$$rtexit$$00000000) for .ARM.Collect$$rtexit$$00000000
    wclass.o(.text) refers (Special) to _small_iswspace.o(.text) for __lib_sel_small_iswspace
    wclass.o(.text) refers to rt_ctype_table.o(.text) for __rt_ctype_table
    wclass.o(.text) refers to wclass_c.o(.text) for _wclass$C
    wclass.o(.text) refers to wclass.o(.constdata) for .constdata
    wclass.o(.constdata) refers (Special) to _small_iswspace.o(.text) for __lib_sel_small_iswspace
    towlower.o(.text) refers to towlower.o(.constdata) for .constdata
    towupper.o(.text) refers to towupper.o(.constdata) for .constdata
    wclass_c.o(.text) refers to rt_ctype_table.o(.text) for __rt_ctype_table
    findlocale.o(.text) refers to strcmpv7m.o(.text) for strcmp
    findlocale.o(.text) refers to strlen.o(.text) for strlen
    mbdata.o(.text) refers to mbdata.o(.bss) for .bss
    ucs2jis.o(.text) refers to ucs2jis.o(.constdata) for .constdata
    ucs2jis.o(.text) refers to jis2ucs.o(.constdata) for _jis2ucs
    jis2ucs.o(.text) refers to jis2ucs.o(.constdata) for .constdata
    libinit2.o(.ARM.Collect$$libinit$$0000000D) refers (Weak) to rt_locale_intlibspace.o(.text) for __rt_locale
    libinit2.o(.ARM.Collect$$libinit$$0000000E) refers to libinit2.o(.ARM.Collect$$libinit$$0000000D) for .ARM.Collect$$libinit$$0000000D
    libinit2.o(.ARM.Collect$$libinit$$00000010) refers to libinit2.o(.ARM.Collect$$libinit$$0000000D) for .ARM.Collect$$libinit$$0000000D
    libinit2.o(.ARM.Collect$$libinit$$00000010) refers (Weak) to lc_ctype_c.o(locale$$code) for _get_lc_ctype
    libinit2.o(.ARM.Collect$$libinit$$00000012) refers to libinit2.o(.ARM.Collect$$libinit$$0000000D) for .ARM.Collect$$libinit$$0000000D
    libinit2.o(.ARM.Collect$$libinit$$00000014) refers to libinit2.o(.ARM.Collect$$libinit$$0000000D) for .ARM.Collect$$libinit$$0000000D
    libinit2.o(.ARM.Collect$$libinit$$00000016) refers to libinit2.o(.ARM.Collect$$libinit$$0000000D) for .ARM.Collect$$libinit$$0000000D
    libinit2.o(.ARM.Collect$$libinit$$00000024) refers to argv_veneer.o(.emb_text) for __ARM_argv_veneer
    libinit2.o(.ARM.Collect$$libinit$$00000025) refers to argv_veneer.o(.emb_text) for __ARM_argv_veneer
    rtexit2.o(.ARM.Collect$$rtexit$$00000003) refers to libshutdown.o(.ARM.Collect$$libshutdown$$00000000) for __rt_lib_shutdown
    rtexit2.o(.ARM.Collect$$rtexit$$00000004) refers to sys_exit.o(.text) for _sys_exit
    rtexit2.o(.ARM.exidx) refers to rtexit2.o(.ARM.Collect$$rtexit$$00000001) for .ARM.Collect$$rtexit$$00000001
    rtexit2.o(.ARM.exidx) refers to rtexit2.o(.ARM.Collect$$rtexit$$00000003) for .ARM.Collect$$rtexit$$00000003
    rtexit2.o(.ARM.exidx) refers to rtexit2.o(.ARM.Collect$$rtexit$$00000004) for .ARM.Collect$$rtexit$$00000004
    argv_veneer.o(.emb_text) refers to no_argv.o(.text) for __ARM_get_argv
    sys_exit.o(.text) refers (Special) to use_no_semi.o(.text) for __I$use$semihosting
    sys_exit.o(.text) refers (Special) to indicate_semi.o(.text) for __semihosting_library_function
    _get_argv_nomalloc.o(.text) refers (Special) to hrguard.o(.text) for __heap_region$guard
    _get_argv_nomalloc.o(.text) refers to defsig_rtmem_outer.o(.text) for __rt_SIGRTMEM
    _get_argv_nomalloc.o(.text) refers to sys_command.o(.text) for _sys_command_string
    libshutdown.o(.ARM.Collect$$libshutdown$$00000000) refers (Special) to libshutdown2.o(.ARM.Collect$$libshutdown$$00000006) for __rt_lib_shutdown_fp_trap_1
    libshutdown.o(.ARM.Collect$$libshutdown$$00000000) refers (Special) to libshutdown2.o(.ARM.Collect$$libshutdown$$0000000E) for __rt_lib_shutdown_heap_1
    libshutdown.o(.ARM.Collect$$libshutdown$$00000000) refers (Special) to libshutdown2.o(.ARM.Collect$$libshutdown$$0000000F) for __rt_lib_shutdown_return
    libshutdown.o(.ARM.Collect$$libshutdown$$00000000) refers (Special) to libshutdown2.o(.ARM.Collect$$libshutdown$$00000009) for __rt_lib_shutdown_signal_1
    libshutdown.o(.ARM.Collect$$libshutdown$$00000000) refers (Special) to libshutdown2.o(.ARM.Collect$$libshutdown$$00000003) for __rt_lib_shutdown_stdio_1
    libshutdown.o(.ARM.Collect$$libshutdown$$00000000) refers (Special) to libshutdown2.o(.ARM.Collect$$libshutdown$$0000000B) for __rt_lib_shutdown_user_alloc_1
    sys_command.o(.text) refers (Special) to use_no_semi.o(.text) for __I$use$semihosting
    sys_command.o(.text) refers (Special) to indicate_semi.o(.text) for __semihosting_library_function
    defsig_rtmem_outer.o(.text) refers to defsig_rtmem_inner.o(.text) for __rt_SIGRTMEM_inner
    defsig_rtmem_outer.o(.text) refers to defsig_exit.o(.text) for __sig_exit
    defsig_rtmem_formal.o(.text) refers to rt_raise.o(.text) for __rt_raise
    rt_raise.o(.text) refers to __raise.o(.text) for __raise
    rt_raise.o(.text) refers to sys_exit.o(.text) for _sys_exit
    defsig_exit.o(.text) refers to sys_exit.o(.text) for _sys_exit
    defsig_rtmem_inner.o(.text) refers to defsig_general.o(.text) for __default_signal_display
    __raise.o(.text) refers to defsig.o(CL$$defsig) for __default_signal_handler
    defsig_general.o(.text) refers to sys_wrch.o(.text) for _ttywrch
    sys_wrch.o(.text) refers (Special) to use_no_semi.o(.text) for __I$use$semihosting
    sys_wrch.o(.text) refers (Special) to indicate_semi.o(.text) for __semihosting_library_function
    defsig.o(CL$$defsig) refers to defsig_rtmem_inner.o(.text) for __rt_SIGRTMEM_inner
    defsig_abrt_inner.o(.text) refers to defsig_general.o(.text) for __default_signal_display
    defsig_fpe_inner.o(.text) refers to defsig_general.o(.text) for __default_signal_display
    defsig_rtred_inner.o(.text) refers to defsig_general.o(.text) for __default_signal_display
    defsig_stak_inner.o(.text) refers to defsig_general.o(.text) for __default_signal_display
    defsig_pvfn_inner.o(.text) refers to defsig_general.o(.text) for __default_signal_display
    defsig_cppl_inner.o(.text) refers to defsig_general.o(.text) for __default_signal_display
    defsig_segv_inner.o(.text) refers to defsig_general.o(.text) for __default_signal_display
    defsig_other.o(.text) refers to defsig_general.o(.text) for __default_signal_display


==============================================================================

Removing Unused input sections from the image.

    Removing system_lpc17xx.o(.rev16_text), (4 bytes).
    Removing system_lpc17xx.o(.revsh_text), (4 bytes).
    Removing uart_polling.o(.rev16_text), (4 bytes).
    Removing uart_polling.o(.revsh_text), (4 bytes).
    Removing main_svc.o(.rev16_text), (4 bytes).
    Removing main_svc.o(.revsh_text), (4 bytes).
    Removing uart_irq.o(.rev16_text), (4 bytes).
    Removing uart_irq.o(.revsh_text), (4 bytes).
    Removing timer.o(.rev16_text), (4 bytes).
    Removing timer.o(.revsh_text), (4 bytes).
    Removing k_process.o(.rev16_text), (4 bytes).
    Removing k_process.o(.revsh_text), (4 bytes).

12 unused section(s) (total 48 bytes) removed from the image.

==============================================================================

Image Symbol Table

    Local Symbols

    Symbol Name                              Value     Ov Type        Size  Object(Section)

    RESET                                    0x00000000   Section      204  startup_lpc17xx.o(RESET)
    ../clib/angel/boardlib.s                 0x00000000   Number         0  boardinit2.o ABSOLUTE
    ../clib/angel/boardlib.s                 0x00000000   Number         0  boardinit3.o ABSOLUTE
    ../clib/angel/boardlib.s                 0x00000000   Number         0  boardinit1.o ABSOLUTE
    ../clib/angel/boardlib.s                 0x00000000   Number         0  boardshut.o ABSOLUTE
    ../clib/angel/handlers.s                 0x00000000   Number         0  __scatter_zi.o ABSOLUTE
    ../clib/angel/handlers.s                 0x00000000   Number         0  __scatter_copy.o ABSOLUTE
    ../clib/angel/kernel.s                   0x00000000   Number         0  rtentry2.o ABSOLUTE
    ../clib/angel/kernel.s                   0x00000000   Number         0  rtexit.o ABSOLUTE
    ../clib/angel/kernel.s                   0x00000000   Number         0  rtentry.o ABSOLUTE
    ../clib/angel/kernel.s                   0x00000000   Number         0  rtentry4.o ABSOLUTE
    ../clib/angel/kernel.s                   0x00000000   Number         0  rtexit2.o ABSOLUTE
    ../clib/angel/rt.s                       0x00000000   Number         0  rt_ctype_table.o ABSOLUTE
    ../clib/angel/rt.s                       0x00000000   Number         0  rt_errno_addr_intlibspace.o ABSOLUTE
    ../clib/angel/rt.s                       0x00000000   Number         0  rt_locale_intlibspace.o ABSOLUTE
    ../clib/angel/rt.s                       0x00000000   Number         0  rt_errno_addr.o ABSOLUTE
    ../clib/angel/rt.s                       0x00000000   Number         0  rt_locale.o ABSOLUTE
    ../clib/angel/rt.s                       0x00000000   Number         0  rt_raise.o ABSOLUTE
    ../clib/angel/scatter.s                  0x00000000   Number         0  __scatter.o ABSOLUTE
    ../clib/angel/startup.s                  0x00000000   Number         0  __main.o ABSOLUTE
    ../clib/angel/sys.s                      0x00000000   Number         0  libspace.o ABSOLUTE
    ../clib/angel/sys.s                      0x00000000   Number         0  indicate_semi.o ABSOLUTE
    ../clib/angel/sys.s                      0x00000000   Number         0  sys_stackheap_outer.o ABSOLUTE
    ../clib/angel/sys.s                      0x00000000   Number         0  use_no_semi.o ABSOLUTE
    ../clib/angel/sysapp.c                   0x00000000   Number         0  sys_wrch.o ABSOLUTE
    ../clib/angel/sysapp.c                   0x00000000   Number         0  sys_command.o ABSOLUTE
    ../clib/angel/sysapp.c                   0x00000000   Number         0  sys_exit.o ABSOLUTE
    ../clib/armsys.c                         0x00000000   Number         0  argv_veneer.o ABSOLUTE
    ../clib/armsys.c                         0x00000000   Number         0  argv_veneer.o ABSOLUTE
    ../clib/armsys.c                         0x00000000   Number         0  no_argv.o ABSOLUTE
    ../clib/armsys.c                         0x00000000   Number         0  _get_argv_nomalloc.o ABSOLUTE
    ../clib/ctype.c                          0x00000000   Number         0  _small_iswspace.o ABSOLUTE
    ../clib/ctype.c                          0x00000000   Number         0  wclass.o ABSOLUTE
    ../clib/ctype.c                          0x00000000   Number         0  wclass_c.o ABSOLUTE
    ../clib/ctype.c                          0x00000000   Number         0  towupper.o ABSOLUTE
    ../clib/ctype.c                          0x00000000   Number         0  towlower.o ABSOLUTE
    ../clib/heapalloc.c                      0x00000000   Number         0  hrguard.o ABSOLUTE
    ../clib/heapaux.c                        0x00000000   Number         0  heapauxi.o ABSOLUTE
    ../clib/libinit.s                        0x00000000   Number         0  libshutdown.o ABSOLUTE
    ../clib/libinit.s                        0x00000000   Number         0  libshutdown2.o ABSOLUTE
    ../clib/libinit.s                        0x00000000   Number         0  libinit2.o ABSOLUTE
    ../clib/libinit.s                        0x00000000   Number         0  libinit.o ABSOLUTE
    ../clib/locale.c                         0x00000000   Number         0  utf8_mbrtowc.o ABSOLUTE
    ../clib/locale.c                         0x00000000   Number         0  jis2ucs.o ABSOLUTE
    ../clib/locale.c                         0x00000000   Number         0  ucs2jis.o ABSOLUTE
    ../clib/locale.c                         0x00000000   Number         0  mbdata.o ABSOLUTE
    ../clib/locale.c                         0x00000000   Number         0  findlocale.o ABSOLUTE
    ../clib/locale.c                         0x00000000   Number         0  utf8_wcrtomb.o ABSOLUTE
    ../clib/locale.s                         0x00000000   Number         0  utf8_ctype.o ABSOLUTE
    ../clib/locale.s                         0x00000000   Number         0  sjis_ctype.o ABSOLUTE
    ../clib/locale.s                         0x00000000   Number         0  all_ctype.o ABSOLUTE
    ../clib/locale.s                         0x00000000   Number         0  lc_ctype_c.o ABSOLUTE
    ../clib/locale.s                         0x00000000   Number         0  lc_ctype_8859.o ABSOLUTE
    ../clib/memcpset.s                       0x00000000   Number         0  strcmpv7m.o ABSOLUTE
    ../clib/scanf.c                          0x00000000   Number         0  _strtoul.o ABSOLUTE
    ../clib/scanf.c                          0x00000000   Number         0  _chval.o ABSOLUTE
    ../clib/scanf.c                          0x00000000   Number         0  strtol.o ABSOLUTE
    ../clib/scanf.c                          0x00000000   Number         0  atoi.o ABSOLUTE
    ../clib/signal.c                         0x00000000   Number         0  __raise.o ABSOLUTE
    ../clib/signal.c                         0x00000000   Number         0  defsig_rtmem_inner.o ABSOLUTE
    ../clib/signal.c                         0x00000000   Number         0  defsig_exit.o ABSOLUTE
    ../clib/signal.c                         0x00000000   Number         0  defsig_general.o ABSOLUTE
    ../clib/signal.c                         0x00000000   Number         0  defsig_rtmem_outer.o ABSOLUTE
    ../clib/signal.c                         0x00000000   Number         0  defsig_segv_inner.o ABSOLUTE
    ../clib/signal.c                         0x00000000   Number         0  defsig_rtmem_formal.o ABSOLUTE
    ../clib/signal.c                         0x00000000   Number         0  defsig_other.o ABSOLUTE
    ../clib/signal.c                         0x00000000   Number         0  defsig_cppl_inner.o ABSOLUTE
    ../clib/signal.c                         0x00000000   Number         0  defsig_pvfn_inner.o ABSOLUTE
    ../clib/signal.c                         0x00000000   Number         0  defsig_stak_inner.o ABSOLUTE
    ../clib/signal.c                         0x00000000   Number         0  defsig_rtred_inner.o ABSOLUTE
    ../clib/signal.c                         0x00000000   Number         0  defsig_fpe_inner.o ABSOLUTE
    ../clib/signal.c                         0x00000000   Number         0  defsig_abrt_inner.o ABSOLUTE
    ../clib/signal.s                         0x00000000   Number         0  defsig.o ABSOLUTE
    ../clib/stdlib.c                         0x00000000   Number         0  exit.o ABSOLUTE
    ../clib/string.c                         0x00000000   Number         0  strtok.o ABSOLUTE
    ../clib/string.c                         0x00000000   Number         0  strcpy.o ABSOLUTE
    ../clib/string.c                         0x00000000   Number         0  strlen.o ABSOLUTE
    ../clib/string.c                         0x00000000   Number         0  strspn.o ABSOLUTE
    ../clib/string.c                         0x00000000   Number         0  strcspn.o ABSOLUTE
    ../clib/string.c                         0x00000000   Number         0  strtok_int.o ABSOLUTE
    ../fplib/fpinit.s                        0x00000000   Number         0  fpinit.o ABSOLUTE
    dc.s                                     0x00000000   Number         0  dc.o ABSOLUTE
    src\HAL.c                                0x00000000   Number         0  hal.o ABSOLUTE
    src\\HAL.c                               0x00000000   Number         0  hal.o ABSOLUTE
    src\\k_process.c                         0x00000000   Number         0  k_process.o ABSOLUTE
    src\\main_svc.c                          0x00000000   Number         0  main_svc.o ABSOLUTE
    src\\system_LPC17xx.c                    0x00000000   Number         0  system_lpc17xx.o ABSOLUTE
    src\\timer.c                             0x00000000   Number         0  timer.o ABSOLUTE
    src\\uart_irq.c                          0x00000000   Number         0  uart_irq.o ABSOLUTE
    src\\uart_polling.c                      0x00000000   Number         0  uart_polling.o ABSOLUTE
    src\k_memory.c                           0x00000000   Number         0  k_memory.o ABSOLUTE
    src\k_message.c                          0x00000000   Number         0  k_message.o ABSOLUTE
    src\k_process.c                          0x00000000   Number         0  k_process.o ABSOLUTE
    src\k_rtx_init.c                         0x00000000   Number         0  k_rtx_init.o ABSOLUTE
    src\linkedList.c                         0x00000000   Number         0  linkedlist.o ABSOLUTE
    src\main_svc.c                           0x00000000   Number         0  main_svc.o ABSOLUTE
    src\printf.c                             0x00000000   Number         0  printf.o ABSOLUTE
    src\priority_queue.c                     0x00000000   Number         0  priority_queue.o ABSOLUTE
    src\real_user_proc.c                     0x00000000   Number         0  real_user_proc.o ABSOLUTE
    src\startup_LPC17xx.s                    0x00000000   Number         0  startup_lpc17xx.o ABSOLUTE
    src\stress_test_proc.c                   0x00000000   Number         0  stress_test_proc.o ABSOLUTE
    src\system_LPC17xx.c                     0x00000000   Number         0  system_lpc17xx.o ABSOLUTE
    src\system_proc.c                        0x00000000   Number         0  system_proc.o ABSOLUTE
    src\timer.c                              0x00000000   Number         0  timer.o ABSOLUTE
    src\uart_irq.c                           0x00000000   Number         0  uart_irq.o ABSOLUTE
    src\uart_polling.c                       0x00000000   Number         0  uart_polling.o ABSOLUTE
    src\usr_proc_C.c                         0x00000000   Number         0  usr_proc_c.o ABSOLUTE
    !!!main                                  0x000000cc   Section        8  __main.o(!!!main)
    !!!scatter                               0x000000d4   Section       52  __scatter.o(!!!scatter)
    !!handler_copy                           0x00000108   Section       26  __scatter_copy.o(!!handler_copy)
    !!handler_zi                             0x00000124   Section       28  __scatter_zi.o(!!handler_zi)
    .ARM.Collect$$libinit$$00000000          0x00000140   Section        2  libinit.o(.ARM.Collect$$libinit$$00000000)
    .ARM.Collect$$libinit$$00000002          0x00000142   Section        0  libinit2.o(.ARM.Collect$$libinit$$00000002)
    .ARM.Collect$$libinit$$00000008          0x00000142   Section        0  libinit2.o(.ARM.Collect$$libinit$$00000008)
    .ARM.Collect$$libinit$$0000000A          0x00000142   Section        0  libinit2.o(.ARM.Collect$$libinit$$0000000A)
    .ARM.Collect$$libinit$$0000000C          0x00000142   Section        0  libinit2.o(.ARM.Collect$$libinit$$0000000C)
    .ARM.Collect$$libinit$$0000000D          0x00000142   Section        6  libinit2.o(.ARM.Collect$$libinit$$0000000D)
    .ARM.Collect$$libinit$$0000000F          0x00000148   Section        0  libinit2.o(.ARM.Collect$$libinit$$0000000F)
    .ARM.Collect$$libinit$$00000010          0x00000148   Section       12  libinit2.o(.ARM.Collect$$libinit$$00000010)
    .ARM.Collect$$libinit$$00000011          0x00000154   Section        0  libinit2.o(.ARM.Collect$$libinit$$00000011)
    .ARM.Collect$$libinit$$00000013          0x00000154   Section        0  libinit2.o(.ARM.Collect$$libinit$$00000013)
    .ARM.Collect$$libinit$$00000015          0x00000154   Section        0  libinit2.o(.ARM.Collect$$libinit$$00000015)
    .ARM.Collect$$libinit$$00000017          0x00000154   Section        0  libinit2.o(.ARM.Collect$$libinit$$00000017)
    .ARM.Collect$$libinit$$00000019          0x00000154   Section        0  libinit2.o(.ARM.Collect$$libinit$$00000019)
    .ARM.Collect$$libinit$$0000001B          0x00000154   Section        0  libinit2.o(.ARM.Collect$$libinit$$0000001B)
    .ARM.Collect$$libinit$$0000001D          0x00000154   Section        0  libinit2.o(.ARM.Collect$$libinit$$0000001D)
    .ARM.Collect$$libinit$$0000001F          0x00000154   Section        0  libinit2.o(.ARM.Collect$$libinit$$0000001F)
    .ARM.Collect$$libinit$$00000021          0x00000154   Section        0  libinit2.o(.ARM.Collect$$libinit$$00000021)
    .ARM.Collect$$libinit$$00000023          0x00000154   Section        0  libinit2.o(.ARM.Collect$$libinit$$00000023)
    .ARM.Collect$$libinit$$0000002A          0x00000154   Section        0  libinit2.o(.ARM.Collect$$libinit$$0000002A)
    .ARM.Collect$$libinit$$0000002C          0x00000154   Section        0  libinit2.o(.ARM.Collect$$libinit$$0000002C)
    .ARM.Collect$$libinit$$0000002E          0x00000154   Section        0  libinit2.o(.ARM.Collect$$libinit$$0000002E)
    .ARM.Collect$$libinit$$00000030          0x00000154   Section        0  libinit2.o(.ARM.Collect$$libinit$$00000030)
    .ARM.Collect$$libinit$$00000031          0x00000154   Section        2  libinit2.o(.ARM.Collect$$libinit$$00000031)
    .ARM.Collect$$libshutdown$$00000000      0x00000156   Section        2  libshutdown.o(.ARM.Collect$$libshutdown$$00000000)
    .ARM.Collect$$libshutdown$$00000003      0x00000158   Section        0  libshutdown2.o(.ARM.Collect$$libshutdown$$00000003)
    .ARM.Collect$$libshutdown$$00000006      0x00000158   Section        0  libshutdown2.o(.ARM.Collect$$libshutdown$$00000006)
    .ARM.Collect$$libshutdown$$00000009      0x00000158   Section        0  libshutdown2.o(.ARM.Collect$$libshutdown$$00000009)
    .ARM.Collect$$libshutdown$$0000000B      0x00000158   Section        0  libshutdown2.o(.ARM.Collect$$libshutdown$$0000000B)
    .ARM.Collect$$libshutdown$$0000000E      0x00000158   Section        0  libshutdown2.o(.ARM.Collect$$libshutdown$$0000000E)
    .ARM.Collect$$libshutdown$$0000000F      0x00000158   Section        2  libshutdown2.o(.ARM.Collect$$libshutdown$$0000000F)
    .ARM.Collect$$rtentry$$00000000          0x0000015a   Section        0  rtentry.o(.ARM.Collect$$rtentry$$00000000)
    .ARM.Collect$$rtentry$$00000002          0x0000015a   Section        0  rtentry2.o(.ARM.Collect$$rtentry$$00000002)
    .ARM.Collect$$rtentry$$00000004          0x0000015a   Section        6  rtentry4.o(.ARM.Collect$$rtentry$$00000004)
    .ARM.Collect$$rtentry$$00000009          0x00000160   Section        0  rtentry2.o(.ARM.Collect$$rtentry$$00000009)
    .ARM.Collect$$rtentry$$0000000A          0x00000160   Section        4  rtentry2.o(.ARM.Collect$$rtentry$$0000000A)
    .ARM.Collect$$rtentry$$0000000C          0x00000164   Section        0  rtentry2.o(.ARM.Collect$$rtentry$$0000000C)
    .ARM.Collect$$rtentry$$0000000D          0x00000164   Section        8  rtentry2.o(.ARM.Collect$$rtentry$$0000000D)
    .ARM.Collect$$rtexit$$00000000           0x0000016c   Section        2  rtexit.o(.ARM.Collect$$rtexit$$00000000)
    .ARM.Collect$$rtexit$$00000002           0x0000016e   Section        0  rtexit2.o(.ARM.Collect$$rtexit$$00000002)
    .ARM.Collect$$rtexit$$00000003           0x0000016e   Section        4  rtexit2.o(.ARM.Collect$$rtexit$$00000003)
    .ARM.Collect$$rtexit$$00000004           0x00000172   Section        6  rtexit2.o(.ARM.Collect$$rtexit$$00000004)
    .emb_text                                0x00000178   Section       12  uart_irq.o(.emb_text)
    .emb_text                                0x00000184   Section       12  timer.o(.emb_text)
    .emb_text                                0x00000190   Section       50  hal.o(.emb_text)
    .text                                    0x000001c4   Section       52  startup_lpc17xx.o(.text)
    .text                                    0x000001f8   Section        0  main_svc.o(.text)
    .text                                    0x00000210   Section        0  timer.o(.text)
    .text                                    0x00000274   Section        0  k_rtx_init.o(.text)
    .text                                    0x000002b0   Section        0  atoi.o(.text)
    .text                                    0x000002cc   Section        0  strtok.o(.text)
    .text                                    0x000002d8   Section        0  heapauxi.o(.text)
    .text                                    0x000002e0   Section        8  rt_errno_addr_intlibspace.o(.text)
    .text                                    0x000002e8   Section        8  libspace.o(.text)
    .text                                    0x000002f0   Section        8  rt_locale_intlibspace.o(.text)
    .text                                    0x000002f8   Section        2  use_no_semi.o(.text)
    .text                                    0x000002fa   Section        0  indicate_semi.o(.text)
    .ARM.__at_0x02FC                         0x000002fc   Section        4  startup_lpc17xx.o(.ARM.__at_0x02FC)
    .text                                    0x00000300   Section        0  system_lpc17xx.o(.text)
    .text                                    0x0000051c   Section        0  uart_polling.o(.text)
    .text                                    0x00000640   Section        0  printf.o(.text)
    ui2a                                     0x00000641   Thumb Code    86  printf.o(.text)
    i2a                                      0x00000697   Thumb Code    32  printf.o(.text)
    a2d                                      0x000006b7   Thumb Code    50  printf.o(.text)
    a2i                                      0x000006e9   Thumb Code    58  printf.o(.text)
    putchw                                   0x00000723   Thumb Code    82  printf.o(.text)
    putcp                                    0x000008c9   Thumb Code    10  printf.o(.text)
    .text                                    0x00000904   Section        0  uart_irq.o(.text)
    NVIC_EnableIRQ                           0x000009d1   Thumb Code    24  uart_irq.o(.text)
    .text                                    0x000009f8   Section        0  k_memory.o(.text)
    .text                                    0x00000c00   Section        0  k_process.o(.text)
    .text                                    0x00001140   Section        0  k_message.o(.text)
    .text                                    0x00001310   Section        0  linkedlist.o(.text)
    .text                                    0x000013b0   Section        0  priority_queue.o(.text)
    .text                                    0x00001508   Section        0  real_user_proc.o(.text)
    .text                                    0x000018f0   Section        0  system_proc.o(.text)
    .text                                    0x00001a8c   Section        0  usr_proc_c.o(.text)
    .text                                    0x00001c4c   Section        0  stress_test_proc.o(.text)
    .text                                    0x00001e48   Section        0  strcpy.o(.text)
    .text                                    0x00001e90   Section        0  strlen.o(.text)
    .text                                    0x00001ece   Section        0  strtol.o(.text)
    .text                                    0x00001f40   Section        0  strtok_int.o(.text)
    .text                                    0x00001f84   Section       16  rt_ctype_table.o(.text)
    .text                                    0x00001f94   Section        0  _strtoul.o(.text)
    .text                                    0x00002032   Section        0  strcspn.o(.text)
    .text                                    0x00002052   Section        0  strspn.o(.text)
    .text                                    0x0000206e   Section       74  sys_stackheap_outer.o(.text)
    .text                                    0x000020b8   Section        0  _chval.o(.text)
    .text                                    0x000020d4   Section        0  exit.o(.text)
    .text                                    0x000020e0   Section      128  strcmpv7m.o(.text)
    .text                                    0x00002160   Section        0  sys_exit.o(.text)
    locale$$code                             0x0000216c   Section       44  lc_ctype_c.o(locale$$code)
    .constdata                               0x00002198   Section      175  k_rtx_init.o(.constdata)
    locale$$data                             0x00002268   Section      272  lc_ctype_c.o(locale$$data)
    __lcctype_c_name                         0x0000226c   Data           2  lc_ctype_c.o(locale$$data)
    __lcctype_c_start                        0x00002274   Data           0  lc_ctype_c.o(locale$$data)
    __lcctype_c_end                          0x00002378   Data           0  lc_ctype_c.o(locale$$data)
    .data                                    0x10000000   Section        4  system_lpc17xx.o(.data)
    .data                                    0x10000004   Section        8  printf.o(.data)
    stdout_putf                              0x10000004   Data           4  printf.o(.data)
    stdout_putp                              0x10000008   Data           4  printf.o(.data)
    .data                                    0x1000000c   Section       23  uart_irq.o(.data)
    .data                                    0x10000024   Section        4  timer.o(.data)
    .data                                    0x10000028   Section       24  k_memory.o(.data)
    .data                                    0x10000040   Section       28  k_process.o(.data)
    .data                                    0x1000005c   Section        4  strtok.o(.data)
    _strtok_saves1                           0x1000005c   Data           4  strtok.o(.data)
    .bss                                     0x10000060   Section      256  k_process.o(.bss)
    .bss                                     0x10000160   Section       32  real_user_proc.o(.bss)
    .bss                                     0x10000180   Section       32  system_proc.o(.bss)
    .bss                                     0x100001a0   Section       96  usr_proc_c.o(.bss)
    .bss                                     0x10000200   Section       48  stress_test_proc.o(.bss)
    .bss                                     0x10000230   Section       96  libspace.o(.bss)
    HEAP                                     0x10000290   Section        0  startup_lpc17xx.o(HEAP)
    STACK                                    0x10000290   Section      512  startup_lpc17xx.o(STACK)
    Heap_Mem                                 0x10000290   Data           0  startup_lpc17xx.o(HEAP)
    Stack_Mem                                0x10000290   Data         512  startup_lpc17xx.o(STACK)
    __initial_sp                             0x10000490   Data           0  startup_lpc17xx.o(STACK)

    Global Symbols

    Symbol Name                              Value     Ov Type        Size  Object(Section)

    BuildAttributes$$THM_ISAv4$P$D$K$B$S$PE$A:L22UL41UL21$X:L11$S22US41US21$IEEE1$IW$USESV6$~STKCKD$USESV7$~SHL$OSPACE$ROPI$EBA8$UX$STANDARDLIB$REQ8$PRES8$EABIv2 0x00000000   Number         0  anon$$obj.o ABSOLUTE
    __ARM_use_no_argv                        0x00000000   Number         0  main_svc.o ABSOLUTE
    __Vectors                                0x00000000   Data           4  startup_lpc17xx.o(RESET)
    __ARM_exceptions_init                     - Undefined Weak Reference
    __alloca_initialize                       - Undefined Weak Reference
    __cpp_initialize__aeabi_                  - Undefined Weak Reference
    __cxa_finalize                            - Undefined Weak Reference
    __sigvec_lookup                           - Undefined Weak Reference
    _atexit_init                              - Undefined Weak Reference
    _call_atexit_fns                          - Undefined Weak Reference
    _clock_init                               - Undefined Weak Reference
    _fp_trap_init                             - Undefined Weak Reference
    _fp_trap_shutdown                         - Undefined Weak Reference
    _get_lc_collate                           - Undefined Weak Reference
    _get_lc_monetary                          - Undefined Weak Reference
    _get_lc_numeric                           - Undefined Weak Reference
    _get_lc_time                              - Undefined Weak Reference
    _getenv_init                              - Undefined Weak Reference
    _handle_redirection                       - Undefined Weak Reference
    _init_alloc                               - Undefined Weak Reference
    _init_user_alloc                          - Undefined Weak Reference
    _initio                                   - Undefined Weak Reference
    _rand_init                                - Undefined Weak Reference
    _signal_finish                            - Undefined Weak Reference
    _signal_init                              - Undefined Weak Reference
    _terminate_alloc                          - Undefined Weak Reference
    _terminate_user_alloc                     - Undefined Weak Reference
    _terminateio                              - Undefined Weak Reference
    __main                                   0x000000cd   Thumb Code     8  __main.o(!!!main)
    __scatterload                            0x000000d5   Thumb Code     0  __scatter.o(!!!scatter)
    __scatterload_rt2                        0x000000d5   Thumb Code    44  __scatter.o(!!!scatter)
    __scatterload_rt2_thumb_only             0x000000d5   Thumb Code     0  __scatter.o(!!!scatter)
    __scatterload_null                       0x000000e3   Thumb Code     0  __scatter.o(!!!scatter)
    __scatterload_copy                       0x00000109   Thumb Code    26  __scatter_copy.o(!!handler_copy)
    __scatterload_zeroinit                   0x00000125   Thumb Code    28  __scatter_zi.o(!!handler_zi)
    __rt_lib_init                            0x00000141   Thumb Code     0  libinit.o(.ARM.Collect$$libinit$$00000000)
    __rt_lib_init_fp_1                       0x00000143   Thumb Code     0  libinit2.o(.ARM.Collect$$libinit$$00000002)
    __rt_lib_init_heap_1                     0x00000143   Thumb Code     0  libinit2.o(.ARM.Collect$$libinit$$00000008)
    __rt_lib_init_lc_common                  0x00000143   Thumb Code     0  libinit2.o(.ARM.Collect$$libinit$$0000000D)
    __rt_lib_init_rand_1                     0x00000143   Thumb Code     0  libinit2.o(.ARM.Collect$$libinit$$0000000C)
    __rt_lib_init_user_alloc_1               0x00000143   Thumb Code     0  libinit2.o(.ARM.Collect$$libinit$$0000000A)
    __rt_lib_init_lc_collate_1               0x00000149   Thumb Code     0  libinit2.o(.ARM.Collect$$libinit$$0000000F)
    __rt_lib_init_lc_ctype_2                 0x00000149   Thumb Code     0  libinit2.o(.ARM.Collect$$libinit$$00000010)
    __rt_lib_init_alloca_1                   0x00000155   Thumb Code     0  libinit2.o(.ARM.Collect$$libinit$$0000002C)
    __rt_lib_init_argv_1                     0x00000155   Thumb Code     0  libinit2.o(.ARM.Collect$$libinit$$0000002A)
    __rt_lib_init_atexit_1                   0x00000155   Thumb Code     0  libinit2.o(.ARM.Collect$$libinit$$00000019)
    __rt_lib_init_clock_1                    0x00000155   Thumb Code     0  libinit2.o(.ARM.Collect$$libinit$$0000001F)
    __rt_lib_init_cpp_1                      0x00000155   Thumb Code     0  libinit2.o(.ARM.Collect$$libinit$$00000030)
    __rt_lib_init_exceptions_1               0x00000155   Thumb Code     0  libinit2.o(.ARM.Collect$$libinit$$0000002E)
    __rt_lib_init_fp_trap_1                  0x00000155   Thumb Code     0  libinit2.o(.ARM.Collect$$libinit$$0000001D)
    __rt_lib_init_getenv_1                   0x00000155   Thumb Code     0  libinit2.o(.ARM.Collect$$libinit$$00000021)
    __rt_lib_init_lc_ctype_1                 0x00000155   Thumb Code     0  libinit2.o(.ARM.Collect$$libinit$$00000011)
    __rt_lib_init_lc_monetary_1              0x00000155   Thumb Code     0  libinit2.o(.ARM.Collect$$libinit$$00000013)
    __rt_lib_init_lc_numeric_1               0x00000155   Thumb Code     0  libinit2.o(.ARM.Collect$$libinit$$00000015)
    __rt_lib_init_lc_time_1                  0x00000155   Thumb Code     0  libinit2.o(.ARM.Collect$$libinit$$00000017)
    __rt_lib_init_return                     0x00000155   Thumb Code     0  libinit2.o(.ARM.Collect$$libinit$$00000031)
    __rt_lib_init_signal_1                   0x00000155   Thumb Code     0  libinit2.o(.ARM.Collect$$libinit$$0000001B)
    __rt_lib_init_stdio_1                    0x00000155   Thumb Code     0  libinit2.o(.ARM.Collect$$libinit$$00000023)
    __rt_lib_shutdown                        0x00000157   Thumb Code     0  libshutdown.o(.ARM.Collect$$libshutdown$$00000000)
    __rt_lib_shutdown_fp_trap_1              0x00000159   Thumb Code     0  libshutdown2.o(.ARM.Collect$$libshutdown$$00000006)
    __rt_lib_shutdown_heap_1                 0x00000159   Thumb Code     0  libshutdown2.o(.ARM.Collect$$libshutdown$$0000000E)
    __rt_lib_shutdown_return                 0x00000159   Thumb Code     0  libshutdown2.o(.ARM.Collect$$libshutdown$$0000000F)
    __rt_lib_shutdown_signal_1               0x00000159   Thumb Code     0  libshutdown2.o(.ARM.Collect$$libshutdown$$00000009)
    __rt_lib_shutdown_stdio_1                0x00000159   Thumb Code     0  libshutdown2.o(.ARM.Collect$$libshutdown$$00000003)
    __rt_lib_shutdown_user_alloc_1           0x00000159   Thumb Code     0  libshutdown2.o(.ARM.Collect$$libshutdown$$0000000B)
    __rt_entry                               0x0000015b   Thumb Code     0  rtentry.o(.ARM.Collect$$rtentry$$00000000)
    __rt_entry_presh_1                       0x0000015b   Thumb Code     0  rtentry2.o(.ARM.Collect$$rtentry$$00000002)
    __rt_entry_sh                            0x0000015b   Thumb Code     0  rtentry4.o(.ARM.Collect$$rtentry$$00000004)
    __rt_entry_li                            0x00000161   Thumb Code     0  rtentry2.o(.ARM.Collect$$rtentry$$0000000A)
    __rt_entry_postsh_1                      0x00000161   Thumb Code     0  rtentry2.o(.ARM.Collect$$rtentry$$00000009)
    __rt_entry_main                          0x00000165   Thumb Code     0  rtentry2.o(.ARM.Collect$$rtentry$$0000000D)
    __rt_entry_postli_1                      0x00000165   Thumb Code     0  rtentry2.o(.ARM.Collect$$rtentry$$0000000C)
    __rt_exit                                0x0000016d   Thumb Code     0  rtexit.o(.ARM.Collect$$rtexit$$00000000)
    __rt_exit_ls                             0x0000016f   Thumb Code     0  rtexit2.o(.ARM.Collect$$rtexit$$00000003)
    __rt_exit_prels_1                        0x0000016f   Thumb Code     0  rtexit2.o(.ARM.Collect$$rtexit$$00000002)
    __rt_exit_exit                           0x00000173   Thumb Code     0  rtexit2.o(.ARM.Collect$$rtexit$$00000004)
    UART0_IRQHandler                         0x00000179   Thumb Code    12  uart_irq.o(.emb_text)
    TIMER0_IRQHandler                        0x00000185   Thumb Code    12  timer.o(.emb_text)
    __rte                                    0x00000191   Thumb Code     6  hal.o(.emb_text)
    SVC_Handler                              0x00000197   Thumb Code    44  hal.o(.emb_text)
    Reset_Handler                            0x000001c5   Thumb Code     4  startup_lpc17xx.o(.text)
    NMI_Handler                              0x000001c9   Thumb Code     2  startup_lpc17xx.o(.text)
    HardFault_Handler                        0x000001cb   Thumb Code     2  startup_lpc17xx.o(.text)
    MemManage_Handler                        0x000001cd   Thumb Code     2  startup_lpc17xx.o(.text)
    BusFault_Handler                         0x000001cf   Thumb Code     2  startup_lpc17xx.o(.text)
    UsageFault_Handler                       0x000001d1   Thumb Code     2  startup_lpc17xx.o(.text)
    DebugMon_Handler                         0x000001d5   Thumb Code     2  startup_lpc17xx.o(.text)
    PendSV_Handler                           0x000001d7   Thumb Code     2  startup_lpc17xx.o(.text)
    SysTick_Handler                          0x000001d9   Thumb Code     2  startup_lpc17xx.o(.text)
    ADC_IRQHandler                           0x000001db   Thumb Code     0  startup_lpc17xx.o(.text)
    BOD_IRQHandler                           0x000001db   Thumb Code     0  startup_lpc17xx.o(.text)
    CANActivity_IRQHandler                   0x000001db   Thumb Code     0  startup_lpc17xx.o(.text)
    CAN_IRQHandler                           0x000001db   Thumb Code     0  startup_lpc17xx.o(.text)
    DMA_IRQHandler                           0x000001db   Thumb Code     0  startup_lpc17xx.o(.text)
    EINT0_IRQHandler                         0x000001db   Thumb Code     0  startup_lpc17xx.o(.text)
    EINT1_IRQHandler                         0x000001db   Thumb Code     0  startup_lpc17xx.o(.text)
    EINT2_IRQHandler                         0x000001db   Thumb Code     0  startup_lpc17xx.o(.text)
    EINT3_IRQHandler                         0x000001db   Thumb Code     0  startup_lpc17xx.o(.text)
    ENET_IRQHandler                          0x000001db   Thumb Code     0  startup_lpc17xx.o(.text)
    I2C0_IRQHandler                          0x000001db   Thumb Code     0  startup_lpc17xx.o(.text)
    I2C1_IRQHandler                          0x000001db   Thumb Code     0  startup_lpc17xx.o(.text)
    I2C2_IRQHandler                          0x000001db   Thumb Code     0  startup_lpc17xx.o(.text)
    I2S_IRQHandler                           0x000001db   Thumb Code     0  startup_lpc17xx.o(.text)
    MCPWM_IRQHandler                         0x000001db   Thumb Code     0  startup_lpc17xx.o(.text)
    PLL0_IRQHandler                          0x000001db   Thumb Code     0  startup_lpc17xx.o(.text)
    PLL1_IRQHandler                          0x000001db   Thumb Code     0  startup_lpc17xx.o(.text)
    PWM1_IRQHandler                          0x000001db   Thumb Code     0  startup_lpc17xx.o(.text)
    QEI_IRQHandler                           0x000001db   Thumb Code     0  startup_lpc17xx.o(.text)
    RIT_IRQHandler                           0x000001db   Thumb Code     0  startup_lpc17xx.o(.text)
    RTC_IRQHandler                           0x000001db   Thumb Code     0  startup_lpc17xx.o(.text)
    SPI_IRQHandler                           0x000001db   Thumb Code     0  startup_lpc17xx.o(.text)
    SSP0_IRQHandler                          0x000001db   Thumb Code     0  startup_lpc17xx.o(.text)
    SSP1_IRQHandler                          0x000001db   Thumb Code     0  startup_lpc17xx.o(.text)
    TIMER1_IRQHandler                        0x000001db   Thumb Code     0  startup_lpc17xx.o(.text)
    TIMER2_IRQHandler                        0x000001db   Thumb Code     0  startup_lpc17xx.o(.text)
    TIMER3_IRQHandler                        0x000001db   Thumb Code     0  startup_lpc17xx.o(.text)
    UART1_IRQHandler                         0x000001db   Thumb Code     0  startup_lpc17xx.o(.text)
    UART2_IRQHandler                         0x000001db   Thumb Code     0  startup_lpc17xx.o(.text)
    UART3_IRQHandler                         0x000001db   Thumb Code     0  startup_lpc17xx.o(.text)
    USBActivity_IRQHandler                   0x000001db   Thumb Code     0  startup_lpc17xx.o(.text)
    USB_IRQHandler                           0x000001db   Thumb Code     0  startup_lpc17xx.o(.text)
    WDT_IRQHandler                           0x000001db   Thumb Code     0  startup_lpc17xx.o(.text)
    __user_initial_stackheap                 0x000001dd   Thumb Code     0  startup_lpc17xx.o(.text)
    main                                     0x000001f9   Thumb Code    18  main_svc.o(.text)
    timer_init                               0x00000211   Thumb Code    64  timer.o(.text)
    c_TIMER0_IRQHandler                      0x00000251   Thumb Code    30  timer.o(.text)
    k_rtx_init                               0x00000275   Thumb Code    56  k_rtx_init.o(.text)
    atoi                                     0x000002b1   Thumb Code    26  atoi.o(.text)
    strtok                                   0x000002cd   Thumb Code     6  strtok.o(.text)
    __use_two_region_memory                  0x000002d9   Thumb Code     2  heapauxi.o(.text)
    __rt_heap_escrow$2region                 0x000002db   Thumb Code     2  heapauxi.o(.text)
    __rt_heap_expand$2region                 0x000002dd   Thumb Code     2  heapauxi.o(.text)
    __aeabi_errno_addr                       0x000002e1   Thumb Code     8  rt_errno_addr_intlibspace.o(.text)
    __errno$intlibspace                      0x000002e1   Thumb Code     0  rt_errno_addr_intlibspace.o(.text)
    __rt_errno_addr$intlibspace              0x000002e1   Thumb Code     0  rt_errno_addr_intlibspace.o(.text)
    __user_libspace                          0x000002e9   Thumb Code     8  libspace.o(.text)
    __user_perproc_libspace                  0x000002e9   Thumb Code     0  libspace.o(.text)
    __user_perthread_libspace                0x000002e9   Thumb Code     0  libspace.o(.text)
    __rt_locale                              0x000002f1   Thumb Code     8  rt_locale_intlibspace.o(.text)
    __I$use$semihosting                      0x000002f9   Thumb Code     0  use_no_semi.o(.text)
    __use_no_semihosting_swi                 0x000002f9   Thumb Code     2  use_no_semi.o(.text)
    __semihosting_library_function           0x000002fb   Thumb Code     0  indicate_semi.o(.text)
    SystemInit                               0x00000301   Thumb Code   476  system_lpc17xx.o(.text)
    uart_init                                0x0000051d   Thumb Code    96  uart_polling.o(.text)
    uart_get_char                            0x0000057d   Thumb Code    36  uart_polling.o(.text)
    uart_put_char                            0x000005a1   Thumb Code    40  uart_polling.o(.text)
    uart_put_string                          0x000005c9   Thumb Code    38  uart_polling.o(.text)
    putc                                     0x000005ef   Thumb Code    28  uart_polling.o(.text)
    tfp_format                               0x00000775   Thumb Code   296  printf.o(.text)
    init_printf                              0x0000089d   Thumb Code    10  printf.o(.text)
    tfp_printf                               0x000008a7   Thumb Code    34  printf.o(.text)
    tfp_sprintf                              0x000008d3   Thumb Code    38  printf.o(.text)
    uart_irq_init                            0x00000905   Thumb Code   132  uart_irq.o(.text)
    uart_display_char                        0x00000989   Thumb Code    16  uart_irq.o(.text)
    uart_display_string                      0x00000999   Thumb Code    22  uart_irq.o(.text)
    c_UART0_IRQHandler                       0x000009af   Thumb Code    34  uart_irq.o(.text)
    memory_init                              0x000009f9   Thumb Code   210  k_memory.o(.text)
    alloc_stack                              0x00000acb   Thumb Code    32  k_memory.o(.text)
    k_nonblocking_request_memory_block       0x00000aeb   Thumb Code    46  k_memory.o(.text)
    k_request_memory_block                   0x00000b19   Thumb Code   102  k_memory.o(.text)
    k_release_memory_block                   0x00000b7f   Thumb Code    94  k_memory.o(.text)
    blocked_receive_print                    0x00000c01   Thumb Code    14  k_process.o(.text)
    findPCB                                  0x00000c0f   Thumb Code    40  k_process.o(.text)
    process_switch                           0x00000c37   Thumb Code   164  k_process.o(.text)
    scheduler                                0x00000cdb   Thumb Code    16  k_process.o(.text)
    k_release_processor                      0x00000ceb   Thumb Code    98  k_process.o(.text)
    nullProc                                 0x00000d4d   Thumb Code     8  k_process.o(.text)
    UART_i_Proc                              0x00000d55   Thumb Code   102  k_process.o(.text)
    push_sorted_linkedlist                   0x00000dbb   Thumb Code    60  k_process.o(.text)
    pop_linkedlist                           0x00000df7   Thumb Code    22  k_process.o(.text)
    Timer_i_Proc                             0x00000e0d   Thumb Code    98  k_process.o(.text)
    addProcTable                             0x00000e6f   Thumb Code    38  k_process.o(.text)
    isIProcess                               0x00000e95   Thumb Code    18  k_process.o(.text)
    process_init                             0x00000ea7   Thumb Code   498  k_process.o(.text)
    get_process                              0x00001099   Thumb Code    34  k_process.o(.text)
    k_get_process_priority                   0x000010bb   Thumb Code    28  k_process.o(.text)
    check_priority                           0x000010d7   Thumb Code    28  k_process.o(.text)
    k_set_process_priority                   0x000010f3   Thumb Code    62  k_process.o(.text)
    enqueue_block_receive                    0x00001141   Thumb Code    46  k_message.o(.text)
    dequeue_block_receive                    0x0000116f   Thumb Code    84  k_message.o(.text)
    enqueue_msg                              0x000011c3   Thumb Code    34  k_message.o(.text)
    dequeue_msg                              0x000011e5   Thumb Code    22  k_message.o(.text)
    m_send_message                           0x000011fb   Thumb Code    92  k_message.o(.text)
    k_send_message                           0x00001257   Thumb Code    26  k_message.o(.text)
    receive_message_nonblocking              0x00001271   Thumb Code    20  k_message.o(.text)
    k_receive_message                        0x00001285   Thumb Code    58  k_message.o(.text)
    k_delayed_send                           0x000012bf   Thumb Code    62  k_message.o(.text)
    linkedListHasNext                        0x00001311   Thumb Code    14  linkedlist.o(.text)
    popLinkedList                            0x0000131f   Thumb Code    42  linkedlist.o(.text)
    pushLinkedList                           0x00001349   Thumb Code    34  linkedlist.o(.text)
    sortPushLinkedList                       0x0000136b   Thumb Code    68  linkedlist.o(.text)
    pq_push                                  0x000013b1   Thumb Code    78  priority_queue.o(.text)
    pq_sort                                  0x000013ff   Thumb Code    66  priority_queue.o(.text)
    pq_peak                                  0x00001441   Thumb Code     8  priority_queue.o(.text)
    pq_pop                                   0x00001449   Thumb Code    62  priority_queue.o(.text)
    pq_print                                 0x00001487   Thumb Code    56  priority_queue.o(.text)
    send_error_msg                           0x00001509   Thumb Code    38  real_user_proc.o(.text)
    checkInt                                 0x0000152f   Thumb Code    38  real_user_proc.o(.text)
    set_priority_proc                        0x00001555   Thumb Code   236  real_user_proc.o(.text)
    timeToChar                               0x00001641   Thumb Code   214  real_user_proc.o(.text)
    wall_clock_display                       0x00001717   Thumb Code    64  real_user_proc.o(.text)
    charToTime                               0x00001757   Thumb Code    80  real_user_proc.o(.text)
    setTime                                  0x000017a7   Thumb Code    14  real_user_proc.o(.text)
    wall_clock_proc                          0x000017b5   Thumb Code   176  real_user_proc.o(.text)
    set_user_procs                           0x00001865   Thumb Code    56  real_user_proc.o(.text)
    checkPrefix                              0x000018f1   Thumb Code    52  system_proc.o(.text)
    registerKeyword                          0x00001925   Thumb Code    46  system_proc.o(.text)
    CRT_proc                                 0x00001953   Thumb Code    36  system_proc.o(.text)
    KCD_proc                                 0x00001977   Thumb Code   204  system_proc.o(.text)
    set_system_procs                         0x00001a43   Thumb Code    56  system_proc.o(.text)
    proc6                                    0x00001a8d   Thumb Code    10  usr_proc_c.o(.text)
    proc5                                    0x00001a97   Thumb Code    10  usr_proc_c.o(.text)
    proc4                                    0x00001aa1   Thumb Code    10  usr_proc_c.o(.text)
    proc3                                    0x00001aab   Thumb Code    10  usr_proc_c.o(.text)
    proc2                                    0x00001ab5   Thumb Code   106  usr_proc_c.o(.text)
    proc1                                    0x00001b1f   Thumb Code   132  usr_proc_c.o(.text)
    set_test_procs                           0x00001ba3   Thumb Code    98  usr_proc_c.o(.text)
    enqueue_local_msg                        0x00001c4d   Thumb Code    36  stress_test_proc.o(.text)
    dequeue_local_msg                        0x00001c71   Thumb Code    24  stress_test_proc.o(.text)
    procC                                    0x00001c89   Thumb Code   162  stress_test_proc.o(.text)
    procB                                    0x00001d2b   Thumb Code    28  stress_test_proc.o(.text)
    procA                                    0x00001d47   Thumb Code   132  stress_test_proc.o(.text)
    set_stress_test_procs                    0x00001dcb   Thumb Code    84  stress_test_proc.o(.text)
    strcpy                                   0x00001e49   Thumb Code    72  strcpy.o(.text)
    strlen                                   0x00001e91   Thumb Code    62  strlen.o(.text)
    strtol                                   0x00001ecf   Thumb Code   112  strtol.o(.text)
    __strtok_internal                        0x00001f41   Thumb Code    64  strtok_int.o(.text)
    __rt_ctype_table                         0x00001f85   Thumb Code    16  rt_ctype_table.o(.text)
    _strtoul                                 0x00001f95   Thumb Code   158  _strtoul.o(.text)
    strcspn                                  0x00002033   Thumb Code    32  strcspn.o(.text)
    strspn                                   0x00002053   Thumb Code    28  strspn.o(.text)
    __user_setup_stackheap                   0x0000206f   Thumb Code    74  sys_stackheap_outer.o(.text)
    _chval                                   0x000020b9   Thumb Code    28  _chval.o(.text)
    exit                                     0x000020d5   Thumb Code    12  exit.o(.text)
    strcmp                                   0x000020e1   Thumb Code   128  strcmpv7m.o(.text)
    _sys_exit                                0x00002161   Thumb Code     8  sys_exit.o(.text)
    _get_lc_ctype                            0x0000216d   Thumb Code    44  lc_ctype_c.o(locale$$code)
    Region$$Table$$Base                      0x00002248   Number         0  anon$$obj.o(Region$$Table)
    Region$$Table$$Limit                     0x00002268   Number         0  anon$$obj.o(Region$$Table)
    __ctype                                  0x00002275   Data           0  lc_ctype_c.o(locale$$data)
    SystemFrequency                          0x10000000   Data           4  system_lpc17xx.o(.data)
    g_buffer                                 0x1000000c   Data          16  uart_irq.o(.data)
    gp_buffer                                0x1000001c   Data           4  uart_irq.o(.data)
    g_send_char                              0x10000020   Data           1  uart_irq.o(.data)
    g_char_in                                0x10000021   Data           1  uart_irq.o(.data)
    g_char_out                               0x10000022   Data           1  uart_irq.o(.data)
    g_timer_count                            0x10000024   Data           4  timer.o(.data)
    c                                        0x10000028   Data           4  k_memory.o(.data)
    gp_stack                                 0x1000002c   Data           4  k_memory.o(.data)
    free_block                               0x10000030   Data           4  k_memory.o(.data)
    end_block                                0x10000034   Data           4  k_memory.o(.data)
    mem_blks                                 0x10000038   Data           4  k_memory.o(.data)
    blocked_memory_q                         0x1000003c   Data           4  k_memory.o(.data)
    gp_current_process                       0x10000040   Data           4  k_process.o(.data)
    blocked_receive_head                     0x10000044   Data           4  k_process.o(.data)
    blocked_receive_tail                     0x10000048   Data           4  k_process.o(.data)
    g_switch_flag                            0x1000004c   Data           4  k_process.o(.data)
    gp_pcbs                                  0x10000050   Data           4  k_process.o(.data)
    ready_queue                              0x10000054   Data           4  k_process.o(.data)
    timeout_queue                            0x10000058   Data           4  k_process.o(.data)
    g_proc_table                             0x10000060   Data         256  k_process.o(.bss)
    g_user_procs                             0x10000160   Data          32  real_user_proc.o(.bss)
    g_system_procs                           0x10000180   Data          32  system_proc.o(.bss)
    g_test_procs                             0x100001a0   Data          96  usr_proc_c.o(.bss)
    g_stress_test_procs                      0x10000200   Data          48  stress_test_proc.o(.bss)
    __libspace_start                         0x10000230   Data          96  libspace.o(.bss)
    __temporary_stack_top$libspace           0x10000290   Data           0  libspace.o(.bss)
    Image$$RW_IRAM1$$ZI$$Limit               0x10000490   Number         0  startup_lpc17xx.o(STACK)



==============================================================================

Memory Map of the image

  Image Entry point : 0x000000cd

  Load Region LR_IROM1 (Base: 0x00000000, Size: 0x000023d8, Max: 0x00080000, ABSOLUTE)

    Execution Region ER_IROM1 (Base: 0x00000000, Size: 0x00002378, Max: 0x00080000, ABSOLUTE)

    Base Addr    Size         Type   Attr      Idx    E Section Name        Object

    0x00000000   0x000000cc   Data   RO            3    RESET               startup_lpc17xx.o
    0x000000cc   0x00000008   Code   RO          440  * !!!main             c_w.l(__main.o)
    0x000000d4   0x00000034   Code   RO          663    !!!scatter          c_w.l(__scatter.o)
    0x00000108   0x0000001a   Code   RO          665    !!handler_copy      c_w.l(__scatter_copy.o)
    0x00000122   0x00000002   PAD
    0x00000124   0x0000001c   Code   RO          667    !!handler_zi        c_w.l(__scatter_zi.o)
    0x00000140   0x00000002   Code   RO          509    .ARM.Collect$$libinit$$00000000  c_w.l(libinit.o)
    0x00000142   0x00000000   Code   RO          541    .ARM.Collect$$libinit$$00000002  c_w.l(libinit2.o)
    0x00000142   0x00000000   Code   RO          544    .ARM.Collect$$libinit$$00000008  c_w.l(libinit2.o)
    0x00000142   0x00000000   Code   RO          546    .ARM.Collect$$libinit$$0000000A  c_w.l(libinit2.o)
    0x00000142   0x00000000   Code   RO          548    .ARM.Collect$$libinit$$0000000C  c_w.l(libinit2.o)
    0x00000142   0x00000006   Code   RO          549    .ARM.Collect$$libinit$$0000000D  c_w.l(libinit2.o)
    0x00000148   0x00000000   Code   RO          551    .ARM.Collect$$libinit$$0000000F  c_w.l(libinit2.o)
    0x00000148   0x0000000c   Code   RO          552    .ARM.Collect$$libinit$$00000010  c_w.l(libinit2.o)
    0x00000154   0x00000000   Code   RO          553    .ARM.Collect$$libinit$$00000011  c_w.l(libinit2.o)
    0x00000154   0x00000000   Code   RO          555    .ARM.Collect$$libinit$$00000013  c_w.l(libinit2.o)
    0x00000154   0x00000000   Code   RO          557    .ARM.Collect$$libinit$$00000015  c_w.l(libinit2.o)
    0x00000154   0x00000000   Code   RO          559    .ARM.Collect$$libinit$$00000017  c_w.l(libinit2.o)
    0x00000154   0x00000000   Code   RO          561    .ARM.Collect$$libinit$$00000019  c_w.l(libinit2.o)
    0x00000154   0x00000000   Code   RO          563    .ARM.Collect$$libinit$$0000001B  c_w.l(libinit2.o)
    0x00000154   0x00000000   Code   RO          565    .ARM.Collect$$libinit$$0000001D  c_w.l(libinit2.o)
    0x00000154   0x00000000   Code   RO          567    .ARM.Collect$$libinit$$0000001F  c_w.l(libinit2.o)
    0x00000154   0x00000000   Code   RO          569    .ARM.Collect$$libinit$$00000021  c_w.l(libinit2.o)
    0x00000154   0x00000000   Code   RO          571    .ARM.Collect$$libinit$$00000023  c_w.l(libinit2.o)
    0x00000154   0x00000000   Code   RO          575    .ARM.Collect$$libinit$$0000002A  c_w.l(libinit2.o)
    0x00000154   0x00000000   Code   RO          577    .ARM.Collect$$libinit$$0000002C  c_w.l(libinit2.o)
    0x00000154   0x00000000   Code   RO          579    .ARM.Collect$$libinit$$0000002E  c_w.l(libinit2.o)
    0x00000154   0x00000000   Code   RO          581    .ARM.Collect$$libinit$$00000030  c_w.l(libinit2.o)
    0x00000154   0x00000002   Code   RO          582    .ARM.Collect$$libinit$$00000031  c_w.l(libinit2.o)
    0x00000156   0x00000002   Code   RO          604    .ARM.Collect$$libshutdown$$00000000  c_w.l(libshutdown.o)
    0x00000158   0x00000000   Code   RO          618    .ARM.Collect$$libshutdown$$00000003  c_w.l(libshutdown2.o)
    0x00000158   0x00000000   Code   RO          621    .ARM.Collect$$libshutdown$$00000006  c_w.l(libshutdown2.o)
    0x00000158   0x00000000   Code   RO          624    .ARM.Collect$$libshutdown$$00000009  c_w.l(libshutdown2.o)
    0x00000158   0x00000000   Code   RO          626    .ARM.Collect$$libshutdown$$0000000B  c_w.l(libshutdown2.o)
    0x00000158   0x00000000   Code   RO          629    .ARM.Collect$$libshutdown$$0000000E  c_w.l(libshutdown2.o)
    0x00000158   0x00000002   Code   RO          630    .ARM.Collect$$libshutdown$$0000000F  c_w.l(libshutdown2.o)
    0x0000015a   0x00000000   Code   RO          442    .ARM.Collect$$rtentry$$00000000  c_w.l(rtentry.o)
    0x0000015a   0x00000000   Code   RO          456    .ARM.Collect$$rtentry$$00000002  c_w.l(rtentry2.o)
    0x0000015a   0x00000006   Code   RO          468    .ARM.Collect$$rtentry$$00000004  c_w.l(rtentry4.o)
    0x00000160   0x00000000   Code   RO          458    .ARM.Collect$$rtentry$$00000009  c_w.l(rtentry2.o)
    0x00000160   0x00000004   Code   RO          459    .ARM.Collect$$rtentry$$0000000A  c_w.l(rtentry2.o)
    0x00000164   0x00000000   Code   RO          461    .ARM.Collect$$rtentry$$0000000C  c_w.l(rtentry2.o)
    0x00000164   0x00000008   Code   RO          462    .ARM.Collect$$rtentry$$0000000D  c_w.l(rtentry2.o)
    0x0000016c   0x00000002   Code   RO          510    .ARM.Collect$$rtexit$$00000000  c_w.l(rtexit.o)
    0x0000016e   0x00000000   Code   RO          584    .ARM.Collect$$rtexit$$00000002  c_w.l(rtexit2.o)
    0x0000016e   0x00000004   Code   RO          585    .ARM.Collect$$rtexit$$00000003  c_w.l(rtexit2.o)
    0x00000172   0x00000006   Code   RO          586    .ARM.Collect$$rtexit$$00000004  c_w.l(rtexit2.o)
    0x00000178   0x0000000c   Code   RO          131    .emb_text           uart_irq.o
    0x00000184   0x0000000c   Code   RO          176    .emb_text           timer.o
    0x00000190   0x00000032   Code   RO          204    .emb_text           hal.o
    0x000001c2   0x00000002   PAD
    0x000001c4   0x00000034   Code   RO            5    .text               startup_lpc17xx.o
    0x000001f8   0x00000018   Code   RO          105    .text               main_svc.o
    0x00000210   0x00000064   Code   RO          177    .text               timer.o
    0x00000274   0x0000003c   Code   RO          211    .text               k_rtx_init.o
    0x000002b0   0x0000001a   Code   RO          429    .text               c_w.l(atoi.o)
    0x000002ca   0x00000002   PAD
    0x000002cc   0x0000000c   Code   RO          431    .text               c_w.l(strtok.o)
    0x000002d8   0x00000006   Code   RO          438    .text               c_w.l(heapauxi.o)
    0x000002de   0x00000002   PAD
    0x000002e0   0x00000008   Code   RO          446    .text               c_w.l(rt_errno_addr_intlibspace.o)
    0x000002e8   0x00000008   Code   RO          452    .text               c_w.l(libspace.o)
    0x000002f0   0x00000008   Code   RO          483    .text               c_w.l(rt_locale_intlibspace.o)
    0x000002f8   0x00000002   Code   RO          607    .text               c_w.l(use_no_semi.o)
    0x000002fa   0x00000000   Code   RO          609    .text               c_w.l(indicate_semi.o)
    0x000002fa   0x00000002   PAD
    0x000002fc   0x00000004   Code   RO            4    .ARM.__at_0x02FC    startup_lpc17xx.o
    0x00000300   0x0000021c   Code   RO           15    .text               system_lpc17xx.o
    0x0000051c   0x00000124   Code   RO           59    .text               uart_polling.o
    0x00000640   0x000002c4   Code   RO           83    .text               printf.o
    0x00000904   0x000000f4   Code   RO          132    .text               uart_irq.o
    0x000009f8   0x00000208   Code   RO          237    .text               k_memory.o
    0x00000c00   0x00000540   Code   RO          254    .text               k_process.o
    0x00001140   0x000001d0   Code   RO          302    .text               k_message.o
    0x00001310   0x0000009e   Code   RO          318    .text               linkedlist.o
    0x000013ae   0x00000002   PAD
    0x000013b0   0x00000158   Code   RO          330    .text               priority_queue.o
    0x00001508   0x000003e8   Code   RO          349    .text               real_user_proc.o
    0x000018f0   0x0000019c   Code   RO          370    .text               system_proc.o
    0x00001a8c   0x000001c0   Code   RO          391    .text               usr_proc_c.o
    0x00001c4c   0x000001fc   Code   RO          412    .text               stress_test_proc.o
    0x00001e48   0x00000048   Code   RO          434    .text               c_w.l(strcpy.o)
    0x00001e90   0x0000003e   Code   RO          436    .text               c_w.l(strlen.o)
    0x00001ece   0x00000070   Code   RO          448    .text               c_w.l(strtol.o)
    0x00001f3e   0x00000002   PAD
    0x00001f40   0x00000044   Code   RO          450    .text               c_w.l(strtok_int.o)
    0x00001f84   0x00000010   Code   RO          470    .text               c_w.l(rt_ctype_table.o)
    0x00001f94   0x0000009e   Code   RO          472    .text               c_w.l(_strtoul.o)
    0x00002032   0x00000020   Code   RO          474    .text               c_w.l(strcspn.o)
    0x00002052   0x0000001c   Code   RO          476    .text               c_w.l(strspn.o)
    0x0000206e   0x0000004a   Code   RO          478    .text               c_w.l(sys_stackheap_outer.o)
    0x000020b8   0x0000001c   Code   RO          485    .text               c_w.l(_chval.o)
    0x000020d4   0x0000000c   Code   RO          502    .text               c_w.l(exit.o)
    0x000020e0   0x00000080   Code   RO          538    .text               c_w.l(strcmpv7m.o)
    0x00002160   0x0000000c   Code   RO          596    .text               c_w.l(sys_exit.o)
    0x0000216c   0x0000002c   Code   RO          497    locale$$code        c_w.l(lc_ctype_c.o)
    0x00002198   0x000000af   Data   RO          212    .constdata          k_rtx_init.o
    0x00002247   0x00000001   PAD
    0x00002248   0x00000020   Data   RO          661    Region$$Table       anon$$obj.o
    0x00002268   0x00000110   Data   RO          496    locale$$data        c_w.l(lc_ctype_c.o)


    Execution Region RW_IRAM1 (Base: 0x10000000, Size: 0x00000490, Max: 0x00008000, ABSOLUTE)

    Base Addr    Size         Type   Attr      Idx    E Section Name        Object

    0x10000000   0x00000004   Data   RW           16    .data               system_lpc17xx.o
    0x10000004   0x00000008   Data   RW           84    .data               printf.o
    0x1000000c   0x00000017   Data   RW          133    .data               uart_irq.o
    0x10000023   0x00000001   PAD
    0x10000024   0x00000004   Data   RW          178    .data               timer.o
    0x10000028   0x00000018   Data   RW          238    .data               k_memory.o
    0x10000040   0x0000001c   Data   RW          256    .data               k_process.o
    0x1000005c   0x00000004   Data   RW          432    .data               c_w.l(strtok.o)
    0x10000060   0x00000100   Zero   RW          255    .bss                k_process.o
    0x10000160   0x00000020   Zero   RW          350    .bss                real_user_proc.o
    0x10000180   0x00000020   Zero   RW          371    .bss                system_proc.o
    0x100001a0   0x00000060   Zero   RW          392    .bss                usr_proc_c.o
    0x10000200   0x00000030   Zero   RW          413    .bss                stress_test_proc.o
    0x10000230   0x00000060   Zero   RW          453    .bss                c_w.l(libspace.o)
    0x10000290   0x00000000   Zero   RW            2    HEAP                startup_lpc17xx.o
    0x10000290   0x00000200   Zero   RW            1    STACK               startup_lpc17xx.o


==============================================================================

Image component sizes


      Code (inc. data)   RO Data    RW Data    ZI Data      Debug   Object Name

        50          0          0          0          0        292   hal.o
       520         36          0         24          0       2247   k_memory.o
       464         20          0          0          0       2817   k_message.o
      1344         60          0         28        256       7814   k_process.o
        60          4        175          0          0        725   k_rtx_init.o
       158          0          0          0          0       1444   linkedlist.o
        24          6          0          0          0       1831   main_svc.o
       708         12          0          8          0       3880   printf.o
       344         74          0          0          0       1846   priority_queue.o
      1000         84          0          0         32       3207   real_user_proc.o
        56         22        204          0        512        876   startup_lpc17xx.o
       508         42          0          0         48       2292   stress_test_proc.o
       540         64          0          4          0      21539   system_lpc17xx.o
       412         18          0          0         32       2226   system_proc.o
       112          6          0          4          0       1445   timer.o
       256         16          0         23          0      26384   uart_irq.o
       292         54          0          0          0       1889   uart_polling.o
       448         72          0          0         96       2020   usr_proc_c.o

    ----------------------------------------------------------------------
      7300        590        412         92        976      84774   Object Totals
         0          0         32          0          0          0   (incl. Generated)
         4          0          1          1          0          0   (incl. Padding)

    ----------------------------------------------------------------------

      Code (inc. data)   RO Data    RW Data    ZI Data      Debug   Library Member Name

         8          0          0          0          0         68   __main.o
        52          8          0          0          0          0   __scatter.o
        26          0          0          0          0          0   __scatter_copy.o
        28          0          0          0          0          0   __scatter_zi.o
        28          0          0          0          0         68   _chval.o
       158          0          0          0          0         92   _strtoul.o
        26          0          0          0          0         80   atoi.o
        12          0          0          0          0         72   exit.o
         6          0          0          0          0        152   heapauxi.o
         0          0          0          0          0          0   indicate_semi.o
        44         10        272          0          0         76   lc_ctype_c.o
         2          0          0          0          0          0   libinit.o
        20          0          0          0          0          0   libinit2.o
         2          0          0          0          0          0   libshutdown.o
         2          0          0          0          0          0   libshutdown2.o
         8          4          0          0         96         68   libspace.o
        16          4          0          0          0         76   rt_ctype_table.o
         8          4          0          0          0         68   rt_errno_addr_intlibspace.o
         8          4          0          0          0         68   rt_locale_intlibspace.o
         0          0          0          0          0          0   rtentry.o
        12          0          0          0          0          0   rtentry2.o
         6          0          0          0          0          0   rtentry4.o
         2          0          0          0          0          0   rtexit.o
        10          0          0          0          0          0   rtexit2.o
       128          0          0          0          0         68   strcmpv7m.o
        72          0          0          0          0         80   strcpy.o
        32          0          0          0          0         80   strcspn.o
        62          0          0          0          0         76   strlen.o
        28          0          0          0          0         80   strspn.o
        12          6          0          4          0         68   strtok.o
        68          4          0          0          0         84   strtok_int.o
       112          0          0          0          0         88   strtol.o
        12          4          0          0          0         68   sys_exit.o
        74          0          0          0          0         80   sys_stackheap_outer.o
         2          0          0          0          0         68   use_no_semi.o

    ----------------------------------------------------------------------
      1096         48        272          4         96       1728   Library Totals
        10          0          0          0          0          0   (incl. Padding)

    ----------------------------------------------------------------------

      Code (inc. data)   RO Data    RW Data    ZI Data      Debug   Library Name

      1086         48        272          4         96       1728   c_w.l

    ----------------------------------------------------------------------
      1096         48        272          4         96       1728   Library Totals

    ----------------------------------------------------------------------

==============================================================================


      Code (inc. data)   RO Data    RW Data    ZI Data      Debug   

      8396        638        684         96       1072      83902   Grand Totals
      8396        638        684         96       1072      83902   ELF Image Totals
      8396        638        684         96          0          0   ROM Totals

==============================================================================

    Total RO  Size (Code + RO Data)                 9080 (   8.87kB)
    Total RW  Size (RW Data + ZI Data)              1168 (   1.14kB)
    Total ROM Size (Code + RO Data + RW Data)       9176 (   8.96kB)

==============================================================================

